Component: ARM Compiler 5.06 update 7 (build 960) Tool: armlink [4d3601]

==============================================================================

Section Cross References

    main.o(i.HAL_TIM_PeriodElapsedCallback) refers to imu_data_decode.o(i.imu_ctrl) for imu_ctrl
    main.o(i.HAL_TIM_PeriodElapsedCallback) refers to can_receive.o(i.CAN_cmd_capacitance) for CAN_cmd_capacitance
    main.o(i.HAL_TIM_PeriodElapsedCallback) refers to stm32f4xx_hal.o(i.HAL_IncTick) for HAL_IncTick
    main.o(i.SystemClock_Config) refers to rt_memclr_w.o(.text) for __aeabi_memclr4
    main.o(i.SystemClock_Config) refers to stm32f4xx_hal_rcc.o(i.HAL_RCC_OscConfig) for HAL_RCC_OscConfig
    main.o(i.SystemClock_Config) refers to stm32f4xx_hal_rcc.o(i.HAL_RCC_ClockConfig) for HAL_RCC_ClockConfig
    main.o(i.main) refers to stm32f4xx_hal.o(i.HAL_Init) for HAL_Init
    main.o(i.main) refers to main.o(i.SystemClock_Config) for SystemClock_Config
    main.o(i.main) refers to gpio.o(i.MX_GPIO_Init) for MX_GPIO_Init
    main.o(i.main) refers to dma.o(i.MX_DMA_Init) for MX_DMA_Init
    main.o(i.main) refers to tim.o(i.MX_TIM2_Init) for MX_TIM2_Init
    main.o(i.main) refers to usart.o(i.MX_USART1_UART_Init) for MX_USART1_UART_Init
    main.o(i.main) refers to usart.o(i.MX_USART2_UART_Init) for MX_USART2_UART_Init
    main.o(i.main) refers to usart.o(i.MX_UART4_Init) for MX_UART4_Init
    main.o(i.main) refers to usart.o(i.MX_USART6_UART_Init) for MX_USART6_UART_Init
    main.o(i.main) refers to can.o(i.MX_CAN1_Init) for MX_CAN1_Init
    main.o(i.main) refers to can.o(i.MX_CAN2_Init) for MX_CAN2_Init
    main.o(i.main) refers to usart.o(i.MX_UART5_Init) for MX_UART5_Init
    main.o(i.main) refers to chassis_task.o(i.chassis_pid_init) for chassis_pid_init
    main.o(i.main) refers to gimbal_task.o(i.gimbal_pid_init) for gimbal_pid_init
    main.o(i.main) refers to shoot_task.o(i.shoot_pid_init) for shoot_pid_init
    main.o(i.main) refers to driver.o(i.Driver_Init) for Driver_Init
    main.o(i.main) refers to stm32f4xx_hal_tim.o(i.HAL_TIM_Base_Start_IT) for HAL_TIM_Base_Start_IT
    main.o(i.main) refers to freertos.o(i.MX_FREERTOS_Init) for MX_FREERTOS_Init
    main.o(i.main) refers to cmsis_os.o(i.osKernelStart) for osKernelStart
    main.o(i.main) refers to tim.o(.bss) for htim2
    freertos.o(i.CHASSIS_TASK) refers to chassis_task.o(i.chassis_ctrl) for chassis_ctrl
    freertos.o(i.CHASSIS_TASK) refers to cmsis_os.o(i.osDelay) for osDelay
    freertos.o(i.GIMBAL_TASK) refers to gimbal_task.o(i.gimbal_ctrl) for gimbal_ctrl
    freertos.o(i.GIMBAL_TASK) refers to cmsis_os.o(i.osDelay) for osDelay
    freertos.o(i.GUSUI_TASK) refers to referee_ui.o(i.GUSIUI) for GUSIUI
    freertos.o(i.GUSUI_TASK) refers to tasks.o(i.vTaskSuspend) for vTaskSuspend
    freertos.o(i.GUSUI_TASK) refers to cmsis_os.o(i.osDelay) for osDelay
    freertos.o(i.GUSUI_TASK) refers to freertos.o(.data) for .data
    freertos.o(i.MX_FREERTOS_Init) refers to rt_memcpy_w.o(.text) for __aeabi_memcpy4
    freertos.o(i.MX_FREERTOS_Init) refers to cmsis_os.o(i.osThreadCreate) for osThreadCreate
    freertos.o(i.MX_FREERTOS_Init) refers to freertos.o(.constdata) for .constdata
    freertos.o(i.MX_FREERTOS_Init) refers to freertos.o(.data) for .data
    freertos.o(i.OFF_LINE_TASK) refers to cmsis_os.o(i.osDelay) for osDelay
    freertos.o(i.SHOOT_TASK) refers to shoot_task.o(i.shoot_ctrl) for shoot_ctrl
    freertos.o(i.SHOOT_TASK) refers to cmsis_os.o(i.osDelay) for osDelay
    freertos.o(i.StartDefaultTask) refers to cmsis_os.o(i.osDelay) for osDelay
    freertos.o(i.VISION_TASK) refers to visual_receive_task.o(i.visual_send_date) for visual_send_date
    freertos.o(i.VISION_TASK) refers to cmsis_os.o(i.osDelay) for osDelay
    freertos.o(i.vApplicationGetIdleTaskMemory) refers to freertos.o(.bss) for .bss
    freertos.o(.constdata) refers to freertos.o(.conststring) for .conststring
    freertos.o(.constdata) refers to freertos.o(i.StartDefaultTask) for StartDefaultTask
    freertos.o(.constdata) refers to freertos.o(i.CHASSIS_TASK) for CHASSIS_TASK
    freertos.o(.constdata) refers to freertos.o(i.GIMBAL_TASK) for GIMBAL_TASK
    freertos.o(.constdata) refers to freertos.o(i.SHOOT_TASK) for SHOOT_TASK
    freertos.o(.constdata) refers to freertos.o(i.VISION_TASK) for VISION_TASK
    freertos.o(.constdata) refers to freertos.o(i.GUSUI_TASK) for GUSUI_TASK
    freertos.o(.constdata) refers to freertos.o(i.OFF_LINE_TASK) for OFF_LINE_TASK
    can.o(i.HAL_CAN_MspDeInit) refers to stm32f4xx_hal_gpio.o(i.HAL_GPIO_DeInit) for HAL_GPIO_DeInit
    can.o(i.HAL_CAN_MspDeInit) refers to stm32f4xx_hal_cortex.o(i.HAL_NVIC_DisableIRQ) for HAL_NVIC_DisableIRQ
    can.o(i.HAL_CAN_MspDeInit) refers to can.o(.data) for .data
    can.o(i.HAL_CAN_MspInit) refers to rt_memclr_w.o(.text) for __aeabi_memclr4
    can.o(i.HAL_CAN_MspInit) refers to stm32f4xx_hal_gpio.o(i.HAL_GPIO_Init) for HAL_GPIO_Init
[...]
    DMA2_Stream3_IRQHandler                  0x08000323   Thumb Code     0  startup_stm32f405xx.o(.text)
    DMA2_Stream4_IRQHandler                  0x08000323   Thumb Code     0  startup_stm32f405xx.o(.text)
    DMA2_Stream5_IRQHandler                  0x08000323   Thumb Code     0  startup_stm32f405xx.o(.text)
    DMA2_Stream6_IRQHandler                  0x08000323   Thumb Code     0  startup_stm32f405xx.o(.text)
    EXTI0_IRQHandler                         0x08000323   Thumb Code     0  startup_stm32f405xx.o(.text)
    EXTI15_10_IRQHandler                     0x08000323   Thumb Code     0  startup_stm32f405xx.o(.text)
    EXTI1_IRQHandler                         0x08000323   Thumb Code     0  startup_stm32f405xx.o(.text)
    EXTI2_IRQHandler                         0x08000323   Thumb Code     0  startup_stm32f405xx.o(.text)
    EXTI3_IRQHandler                         0x08000323   Thumb Code     0  startup_stm32f405xx.o(.text)
    EXTI4_IRQHandler                         0x08000323   Thumb Code     0  startup_stm32f405xx.o(.text)
    EXTI9_5_IRQHandler                       0x08000323   Thumb Code     0  startup_stm32f405xx.o(.text)
    FLASH_IRQHandler                         0x08000323   Thumb Code     0  startup_stm32f405xx.o(.text)
    FMC_IRQHandler                           0x08000323   Thumb Code     0  startup_stm32f405xx.o(.text)
    FPU_IRQHandler                           0x08000323   Thumb Code     0  startup_stm32f405xx.o(.text)
    HASH_RNG_IRQHandler                      0x08000323   Thumb Code     0  startup_stm32f405xx.o(.text)
    I2C1_ER_IRQHandler                       0x08000323   Thumb Code     0  startup_stm32f405xx.o(.text)
    I2C1_EV_IRQHandler                       0x08000323   Thumb Code     0  startup_stm32f405xx.o(.text)
    I2C2_ER_IRQHandler                       0x08000323   Thumb Code     0  startup_stm32f405xx.o(.text)
    I2C2_EV_IRQHandler                       0x08000323   Thumb Code     0  startup_stm32f405xx.o(.text)
    I2C3_ER_IRQHandler                       0x08000323   Thumb Code     0  startup_stm32f405xx.o(.text)
    I2C3_EV_IRQHandler                       0x08000323   Thumb Code     0  startup_stm32f405xx.o(.text)
    OTG_FS_IRQHandler                        0x08000323   Thumb Code     0  startup_stm32f405xx.o(.text)
    OTG_FS_WKUP_IRQHandler                   0x08000323   Thumb Code     0  startup_stm32f405xx.o(.text)
    OTG_HS_EP1_IN_IRQHandler                 0x08000323   Thumb Code     0  startup_stm32f405xx.o(.text)
    OTG_HS_EP1_OUT_IRQHandler                0x08000323   Thumb Code     0  startup_stm32f405xx.o(.text)
    OTG_HS_IRQHandler                        0x08000323   Thumb Code     0  startup_stm32f405xx.o(.text)
    OTG_HS_WKUP_IRQHandler                   0x08000323   Thumb Code     0  startup_stm32f405xx.o(.text)
    PVD_IRQHandler                           0x08000323   Thumb Code     0  startup_stm32f405xx.o(.text)
    RCC_IRQHandler                           0x08000323   Thumb Code     0  startup_stm32f405xx.o(.text)
    RTC_Alarm_IRQHandler                     0x08000323   Thumb Code     0  startup_stm32f405xx.o(.text)
    RTC_WKUP_IRQHandler                      0x08000323   Thumb Code     0  startup_stm32f405xx.o(.text)
    SDIO_IRQHandler                          0x08000323   Thumb Code     0  startup_stm32f405xx.o(.text)
    SPI1_IRQHandler                          0x08000323   Thumb Code     0  startup_stm32f405xx.o(.text)
    SPI2_IRQHandler                          0x08000323   Thumb Code     0  startup_stm32f405xx.o(.text)
    SPI3_IRQHandler                          0x08000323   Thumb Code     0  startup_stm32f405xx.o(.text)
    TAMP_STAMP_IRQHandler                    0x08000323   Thumb Code     0  startup_stm32f405xx.o(.text)
    TIM1_BRK_TIM9_IRQHandler                 0x08000323   Thumb Code     0  startup_stm32f405xx.o(.text)
    TIM1_CC_IRQHandler                       0x08000323   Thumb Code     0  startup_stm32f405xx.o(.text)
    TIM1_TRG_COM_TIM11_IRQHandler            0x08000323   Thumb Code     0  startup_stm32f405xx.o(.text)
    TIM1_UP_TIM10_IRQHandler                 0x08000323   Thumb Code     0  startup_stm32f405xx.o(.text)
    TIM3_IRQHandler                          0x08000323   Thumb Code     0  startup_stm32f405xx.o(.text)
    TIM4_IRQHandler                          0x08000323   Thumb Code     0  startup_stm32f405xx.o(.text)
    TIM5_IRQHandler                          0x08000323   Thumb Code     0  startup_stm32f405xx.o(.text)
    TIM6_DAC_IRQHandler                      0x08000323   Thumb Code     0  startup_stm32f405xx.o(.text)
    TIM7_IRQHandler                          0x08000323   Thumb Code     0  startup_stm32f405xx.o(.text)
    TIM8_BRK_TIM12_IRQHandler                0x08000323   Thumb Code     0  startup_stm32f405xx.o(.text)
    TIM8_CC_IRQHandler                       0x08000323   Thumb Code     0  startup_stm32f405xx.o(.text)
    TIM8_UP_TIM13_IRQHandler                 0x08000323   Thumb Code     0  startup_stm32f405xx.o(.text)
    USART3_IRQHandler                        0x08000323   Thumb Code     0  startup_stm32f405xx.o(.text)
    WWDG_IRQHandler                          0x08000323   Thumb Code     0  startup_stm32f405xx.o(.text)
    __user_initial_stackheap                 0x08000325   Thumb Code     0  startup_stm32f405xx.o(.text)
    __aeabi_uldivmod                         0x08000349   Thumb Code     0  lludivv7m.o(.text)
    _ll_udiv                                 0x08000349   Thumb Code   238  lludivv7m.o(.text)
    __aeabi_memcpy                           0x08000437   Thumb Code     0  rt_memcpy_v6.o(.text)
    __rt_memcpy                              0x08000437   Thumb Code   138  rt_memcpy_v6.o(.text)
    _memcpy_lastbytes                        0x0800049d   Thumb Code     0  rt_memcpy_v6.o(.text)
    __aeabi_memcpy4                          0x080004c1   Thumb Code     0  rt_memcpy_w.o(.text)
    __aeabi_memcpy8                          0x080004c1   Thumb Code     0  rt_memcpy_w.o(.text)
    __rt_memcpy_w                            0x080004c1   Thumb Code   100  rt_memcpy_w.o(.text)
    _memcpy_lastbytes_aligned                0x08000509   Thumb Code     0  rt_memcpy_w.o(.text)
    __aeabi_memclr                           0x08000525   Thumb Code     0  rt_memclr.o(.text)
    __rt_memclr                              0x08000525   Thumb Code    68  rt_memclr.o(.text)
    _memset                                  0x08000529   Thumb Code     0  rt_memclr.o(.text)
    __aeabi_memclr4                          0x08000569   Thumb Code     0  rt_memclr_w.o(.text)
    __aeabi_memclr8                          0x08000569   Thumb Code     0  rt_memclr_w.o(.text)
    __rt_memclr_w                            0x08000569   Thumb Code    78  rt_memclr_w.o(.text)
    _memset_w                                0x0800056d   Thumb Code     0  rt_memclr_w.o(.text)
    __use_two_region_memory                  0x080005b7   Thumb Code     2  heapauxi.o(.text)
    __rt_heap_escrow$2region                 0x080005b9   Thumb Code     2  heapauxi.o(.text)
    __rt_heap_expand$2region                 0x080005bb   Thumb Code     2  heapauxi.o(.text)
    __read_errno                             0x080005bd   Thumb Code    10  _rserrno.o(.text)
    __set_errno                              0x080005c7   Thumb Code    12  _rserrno.o(.text)
    __aeabi_errno_addr                       0x080005d5   Thumb Code     8  rt_errno_addr_intlibspace.o(.text)
    __errno$intlibspace                      0x080005d5   Thumb Code     0  rt_errno_addr_intlibspace.o(.text)
    __rt_errno_addr$intlibspace              0x080005d5   Thumb Code     0  rt_errno_addr_intlibspace.o(.text)
    __user_libspace                          0x080005dd   Thumb Code     8  libspace.o(.text)
    __user_perproc_libspace                  0x080005dd   Thumb Code     0  libspace.o(.text)
    __user_perthread_libspace                0x080005dd   Thumb Code     0  libspace.o(.text)
    __user_setup_stackheap                   0x080005e5   Thumb Code    74  sys_stackheap_outer.o(.text)
    exit                                     0x0800062f   Thumb Code    18  exit.o(.text)
    _sys_exit                                0x08000641   Thumb Code     8  sys_exit.o(.text)
    __I$use$semihosting                      0x0800064d   Thumb Code     0  use_no_semi.o(.text)
    __use_no_semihosting_swi                 0x0800064d   Thumb Code     2  use_no_semi.o(.text)
    BusFault_Handler                         0x0800064f   Thumb Code     2  stm32f4xx_it.o(i.BusFault_Handler)
    __semihosting_library_function           0x0800064f   Thumb Code     0  indicate_semi.o(.text)
    CAN1_RX0_IRQHandler                      0x08000651   Thumb Code     6  stm32f4xx_it.o(i.CAN1_RX0_IRQHandler)
    CAN2_RX0_IRQHandler                      0x0800065d   Thumb Code     6  stm32f4xx_it.o(i.CAN2_RX0_IRQHandler)
    CAN_Init                                 0x08000669   Thumb Code    80  drv_can.o(i.CAN_Init)
    CAN_cmd_capacitance                      0x080006c1   Thumb Code    42  can_receive.o(i.CAN_cmd_capacitance)
    CAN_cmd_chassis                          0x080006f9   Thumb Code    60  can_receive.o(i.CAN_cmd_chassis)
    CAN_cmd_gimbal_pitch                     0x08000741   Thumb Code    46  can_receive.o(i.CAN_cmd_gimbal_pitch)
    CAN_cmd_gimbal_yaw                       0x0800077d   Thumb Code    42  can_receive.o(i.CAN_cmd_gimbal_yaw)
    CAN_cmd_shoot                            0x080007b5   Thumb Code    46  can_receive.o(i.CAN_cmd_shoot)
    CHASSIS_TASK                             0x080007f1   Thumb Code    12  freertos.o(i.CHASSIS_TASK)
    Char_Draw                                0x080007fd   Thumb Code   154  referee_ui.o(i.Char_Draw)
    Char_ReFresh                             0x08000899   Thumb Code   220  referee_ui.o(i.Char_ReFresh)
    Circle_Draw                              0x08000979   Thumb Code   116  referee_ui.o(i.Circle_Draw)
    DMA1_Stream2_IRQHandler                  0x080009ed   Thumb Code     6  stm32f4xx_it.o(i.DMA1_Stream2_IRQHandler)
    DMA1_Stream5_IRQHandler                  0x080009f9   Thumb Code     6  stm32f4xx_it.o(i.DMA1_Stream5_IRQHandler)
    DMA2_Stream2_IRQHandler                  0x08000a05   Thumb Code     6  stm32f4xx_it.o(i.DMA2_Stream2_IRQHandler)
    DMA2_Stream7_IRQHandler                  0x08000a11   Thumb Code     6  stm32f4xx_it.o(i.DMA2_Stream7_IRQHandler)
    DebugMon_Handler                         0x08000ac1   Thumb Code     2  stm32f4xx_it.o(i.DebugMon_Handler)
    Driver_Init                              0x08000ac3   Thumb Code    18  driver.o(i.Driver_Init)
    Error_Handler                            0x08000ad5   Thumb Code     4  main.o(i.Error_Handler)
    GIMBAL_TASK                              0x08000ad9   Thumb Code    12  freertos.o(i.GIMBAL_TASK)
    GUSIUI                                   0x08000ae5   Thumb Code   606  referee_ui.o(i.GUSIUI)
    GUSUI_TASK                               0x08000d71   Thumb Code    22  freertos.o(i.GUSUI_TASK)
    Get_CRC16_Check_Sum                      0x08000d8d   Thumb Code    38  crc.o(i.Get_CRC16_Check_Sum)
    Get_CRC8_Check_Sum                       0x08000db9   Thumb Code    24  crc.o(i.Get_CRC8_Check_Sum)
    HAL_CAN_ActivateNotification             0x08000dd5   Thumb Code    36  stm32f4xx_hal_can.o(i.HAL_CAN_ActivateNotification)
    HAL_CAN_AddTxMessage                     0x08000df9   Thumb Code   220  stm32f4xx_hal_can.o(i.HAL_CAN_AddTxMessage)
    HAL_CAN_ConfigFilter                     0x08000ed5   Thumb Code   262  stm32f4xx_hal_can.o(i.HAL_CAN_ConfigFilter)
    HAL_CAN_ErrorCallback                    0x08000fe1   Thumb Code     2  stm32f4xx_hal_can.o(i.HAL_CAN_ErrorCallback)
    HAL_CAN_GetRxMessage                     0x08000fe3   Thumb Code   232  stm32f4xx_hal_can.o(i.HAL_CAN_GetRxMessage)
    HAL_CAN_IRQHandler                       0x080010cb   Thumb Code   508  stm32f4xx_hal_can.o(i.HAL_CAN_IRQHandler)
    HAL_CAN_Init                             0x080012c7   Thumb Code   282  stm32f4xx_hal_can.o(i.HAL_CAN_Init)
    HAL_CAN_MspInit                          0x080013e1   Thumb Code   232  can.o(i.HAL_CAN_MspInit)
    HAL_CAN_RxFifo0FullCallback              0x080014e1   Thumb Code     2  stm32f4xx_hal_can.o(i.HAL_CAN_RxFifo0FullCallback)
    HAL_CAN_RxFifo0MsgPendingCallback        0x080014e5   Thumb Code   206  can_receive.o(i.HAL_CAN_RxFifo0MsgPendingCallback)
    HAL_CAN_RxFifo1FullCallback              0x080015cd   Thumb Code     2  stm32f4xx_hal_can.o(i.HAL_CAN_RxFifo1FullCallback)
    HAL_CAN_RxFifo1MsgPendingCallback        0x080015cf   Thumb Code     2  stm32f4xx_hal_can.o(i.HAL_CAN_RxFifo1MsgPendingCallback)
    HAL_CAN_SleepCallback                    0x080015d1   Thumb Code     2  stm32f4xx_hal_can.o(i.HAL_CAN_SleepCallback)
    HAL_CAN_Start                            0x080015d5   Thumb Code    88  stm32f4xx_hal_can.o(i.HAL_CAN_Start)
    HAL_CAN_TxMailbox0AbortCallback          0x0800162d   Thumb Code     2  stm32f4xx_hal_can.o(i.HAL_CAN_TxMailbox0AbortCallback)
    HAL_CAN_TxMailbox0CompleteCallback       0x0800162f   Thumb Code     2  stm32f4xx_hal_can.o(i.HAL_CAN_TxMailbox0CompleteCallback)
    HAL_CAN_TxMailbox1AbortCallback          0x08001631   Thumb Code     2  stm32f4xx_hal_can.o(i.HAL_CAN_TxMailbox1AbortCallback)
    HAL_CAN_TxMailbox1CompleteCallback       0x08001633   Thumb Code     2  stm32f4xx_hal_can.o(i.HAL_CAN_TxMailbox1CompleteCallback)
    HAL_CAN_TxMailbox2AbortCallback          0x08001635   Thumb Code     2  stm32f4xx_hal_can.o(i.HAL_CAN_TxMailbox2AbortCallback)
    HAL_CAN_TxMailbox2CompleteCallback       0x08001637   Thumb Code     2  stm32f4xx_hal_can.o(i.HAL_CAN_TxMailbox2CompleteCallback)
    HAL_CAN_WakeUpFromRxMsgCallback          0x08001639   Thumb Code     2  stm32f4xx_hal_can.o(i.HAL_CAN_WakeUpFromRxMsgCallback)
    HAL_DMA_Abort                            0x0800163b   Thumb Code   146  stm32f4xx_hal_dma.o(i.HAL_DMA_Abort)
    HAL_DMA_Abort_IT                         0x080016cd   Thumb Code    36  stm32f4xx_hal_dma.o(i.HAL_DMA_Abort_IT)
    HAL_DMA_IRQHandler                       0x080016f1   Thumb Code   412  stm32f4xx_hal_dma.o(i.HAL_DMA_IRQHandler)
    HAL_DMA_Init                             0x08001891   Thumb Code   206  stm32f4xx_hal_dma.o(i.HAL_DMA_Init)
    HAL_DMA_Start_IT                         0x08001965   Thumb Code   110  stm32f4xx_hal_dma.o(i.HAL_DMA_Start_IT)
    HAL_Delay                                0x080019d5   Thumb Code    32  stm32f4xx_hal.o(i.HAL_Delay)
    HAL_GPIO_Init                            0x080019f9   Thumb Code   450  stm32f4xx_hal_gpio.o(i.HAL_GPIO_Init)
    HAL_GetTick                              0x08001be9   Thumb Code     6  stm32f4xx_hal.o(i.HAL_GetTick)
    HAL_IncTick                              0x08001bf5   Thumb Code    12  stm32f4xx_hal.o(i.HAL_IncTick)
    HAL_Init                                 0x08001c05   Thumb Code    48  stm32f4xx_hal.o(i.HAL_Init)
    HAL_InitTick                             0x08001c39   Thumb Code   132  stm32f4xx_hal_timebase_tim.o(i.HAL_InitTick)
    HAL_MspInit                              0x08001cd1   Thumb Code    52  stm32f4xx_hal_msp.o(i.HAL_MspInit)
    HAL_NVIC_EnableIRQ                       0x08001d09   Thumb Code    26  stm32f4xx_hal_cortex.o(i.HAL_NVIC_EnableIRQ)
    HAL_NVIC_SetPriority                     0x08001d25   Thumb Code    60  stm32f4xx_hal_cortex.o(i.HAL_NVIC_SetPriority)
    HAL_NVIC_SetPriorityGrouping             0x08001d65   Thumb Code    26  stm32f4xx_hal_cortex.o(i.HAL_NVIC_SetPriorityGrouping)
    HAL_RCC_ClockConfig                      0x08001d89   Thumb Code   288  stm32f4xx_hal_rcc.o(i.HAL_RCC_ClockConfig)
    HAL_RCC_GetClockConfig                   0x08001ebd   Thumb Code    54  stm32f4xx_hal_rcc.o(i.HAL_RCC_GetClockConfig)
    HAL_RCC_GetPCLK1Freq                     0x08001efd   Thumb Code    20  stm32f4xx_hal_rcc.o(i.HAL_RCC_GetPCLK1Freq)
    HAL_RCC_GetPCLK2Freq                     0x08001f1d   Thumb Code    20  stm32f4xx_hal_rcc.o(i.HAL_RCC_GetPCLK2Freq)
    HAL_RCC_GetSysClockFreq                  0x08001f3d   Thumb Code    88  stm32f4xx_hal_rcc.o(i.HAL_RCC_GetSysClockFreq)
    HAL_RCC_OscConfig                        0x08001fa1   Thumb Code   856  stm32f4xx_hal_rcc.o(i.HAL_RCC_OscConfig)
    HAL_TIMEx_BreakCallback                  0x0800230d   Thumb Code     2  stm32f4xx_hal_tim_ex.o(i.HAL_TIMEx_BreakCallback)
    HAL_TIMEx_CommutCallback                 0x0800230f   Thumb Code     2  stm32f4xx_hal_tim_ex.o(i.HAL_TIMEx_CommutCallback)
    HAL_TIMEx_MasterConfigSynchronization    0x08002311   Thumb Code   116  stm32f4xx_hal_tim_ex.o(i.HAL_TIMEx_MasterConfigSynchronization)
    HAL_TIM_Base_Init                        0x080023a1   Thumb Code    90  stm32f4xx_hal_tim.o(i.HAL_TIM_Base_Init)
    HAL_TIM_Base_MspInit                     0x080023fd   Thumb Code    50  tim.o(i.HAL_TIM_Base_MspInit)
    HAL_TIM_Base_Start_IT                    0x08002435   Thumb Code   100  stm32f4xx_hal_tim.o(i.HAL_TIM_Base_Start_IT)
    HAL_TIM_ConfigClockSource                0x080024b5   Thumb Code   220  stm32f4xx_hal_tim.o(i.HAL_TIM_ConfigClockSource)
    HAL_TIM_IC_CaptureCallback               0x08002591   Thumb Code     2  stm32f4xx_hal_tim.o(i.HAL_TIM_IC_CaptureCallback)
    HAL_TIM_IRQHandler                       0x08002593   Thumb Code   358  stm32f4xx_hal_tim.o(i.HAL_TIM_IRQHandler)
    HAL_TIM_OC_DelayElapsedCallback          0x080026f9   Thumb Code     2  stm32f4xx_hal_tim.o(i.HAL_TIM_OC_DelayElapsedCallback)
    HAL_TIM_PWM_PulseFinishedCallback        0x080026fb   Thumb Code     2  stm32f4xx_hal_tim.o(i.HAL_TIM_PWM_PulseFinishedCallback)
    HAL_TIM_PeriodElapsedCallback            0x080026fd   Thumb Code    40  main.o(i.HAL_TIM_PeriodElapsedCallback)
    HAL_TIM_TriggerCallback                  0x08002729   Thumb Code     2  stm32f4xx_hal_tim.o(i.HAL_TIM_TriggerCallback)
    HAL_UARTEx_RxEventCallback               0x0800272b   Thumb Code     2  stm32f4xx_hal_uart.o(i.HAL_UARTEx_RxEventCallback)
    HAL_UART_DMAResume                       0x0800272d   Thumb Code   140  stm32f4xx_hal_uart.o(i.HAL_UART_DMAResume)
    HAL_UART_DMAStop                         0x080027b9   Thumb Code   112  stm32f4xx_hal_uart.o(i.HAL_UART_DMAStop)
    HAL_UART_ErrorCallback                   0x08002829   Thumb Code     2  stm32f4xx_hal_uart.o(i.HAL_UART_ErrorCallback)
    HAL_UART_IRQHandler                      0x0800282d   Thumb Code   610  stm32f4xx_hal_uart.o(i.HAL_UART_IRQHandler)
    HAL_UART_Init                            0x08002a95   Thumb Code    98  stm32f4xx_hal_uart.o(i.HAL_UART_Init)
    HAL_UART_MspInit                         0x08002af9   Thumb Code   684  usart.o(i.HAL_UART_MspInit)
    HAL_UART_Receive                         0x08002dd9   Thumb Code   192  stm32f4xx_hal_uart.o(i.HAL_UART_Receive)
    HAL_UART_Receive_DMA                     0x08002e99   Thumb Code    42  stm32f4xx_hal_uart.o(i.HAL_UART_Receive_DMA)
    HAL_UART_RxCpltCallback                  0x08002ec3   Thumb Code     2  stm32f4xx_hal_uart.o(i.HAL_UART_RxCpltCallback)
    HAL_UART_RxHalfCpltCallback              0x08002ec5   Thumb Code     2  stm32f4xx_hal_uart.o(i.HAL_UART_RxHalfCpltCallback)
    HAL_UART_Transmit                        0x08002ec9   Thumb Code   178  stm32f4xx_hal_uart.o(i.HAL_UART_Transmit)
    HAL_UART_TxCpltCallback                  0x08002f7b   Thumb Code     2  stm32f4xx_hal_uart.o(i.HAL_UART_TxCpltCallback)
    HardFault_Handler                        0x08002f7d   Thumb Code     2  stm32f4xx_it.o(i.HardFault_Handler)
    Judege_read_data                         0x08002f81   Thumb Code   404  referee.o(i.Judege_read_data)
    Line_Draw                                0x0800311d   Thumb Code   126  referee_ui.o(i.Line_Draw)
    MX_CAN1_Init                             0x0800319d   Thumb Code    62  can.o(i.MX_CAN1_Init)
    MX_CAN2_Init                             0x080031e5   Thumb Code    62  can.o(i.MX_CAN2_Init)
    MX_DMA_Init                              0x0800322d   Thumb Code   104  dma.o(i.MX_DMA_Init)
    MX_FREERTOS_Init                         0x08003299   Thumb Code   162  freertos.o(i.MX_FREERTOS_Init)
    MX_GPIO_Init                             0x08003345   Thumb Code    86  gpio.o(i.MX_GPIO_Init)
    MX_TIM2_Init                             0x080033a1   Thumb Code    96  tim.o(i.MX_TIM2_Init)
    MX_UART4_Init                            0x08003405   Thumb Code    48  usart.o(i.MX_UART4_Init)
    MX_UART5_Init                            0x0800343d   Thumb Code    48  usart.o(i.MX_UART5_Init)
    MX_USART1_UART_Init                      0x08003475   Thumb Code    48  usart.o(i.MX_USART1_UART_Init)
    MX_USART2_UART_Init                      0x080034ad   Thumb Code    54  usart.o(i.MX_USART2_UART_Init)
    MX_USART6_UART_Init                      0x080034f1   Thumb Code    48  usart.o(i.MX_USART6_UART_Init)
    MemManage_Handler                        0x08003529   Thumb Code     2  stm32f4xx_it.o(i.MemManage_Handler)
    Motor_Angle_Cal                          0x0800352d   Thumb Code   178  shoot_task.o(i.Motor_Angle_Cal)
    NMI_Handler                              0x080035f1   Thumb Code     2  stm32f4xx_it.o(i.NMI_Handler)
    OFF_LINE_TASK                            0x080035f3   Thumb Code     8  freertos.o(i.OFF_LINE_TASK)
    PID_calc                                 0x08003735   Thumb Code   184  pid.o(i.PID_calc)
    PID_init                                 0x080037ed   Thumb Code    74  pid.o(i.PID_init)
    Packet_Decode                            0x0800383d   Thumb Code   232  packet.o(i.Packet_Decode)
    Packet_DecodeInit                        0x08003929   Thumb Code    18  packet.o(i.Packet_DecodeInit)
    RC_Init                                  0x08003941   Thumb Code    84  drv_usart.o(i.RC_Init)
    SHOOT_TASK                               0x080039a1   Thumb Code    12  freertos.o(i.SHOOT_TASK)
    StartDefaultTask                         0x080039ad   Thumb Code     8  freertos.o(i.StartDefaultTask)
    SysTick_Handler                          0x080039b5   Thumb Code    38  port.o(i.SysTick_Handler)
    SystemClock_Config                       0x080039e1   Thumb Code   144  main.o(i.SystemClock_Config)
    SystemInit                               0x08003a79   Thumb Code    12  system_stm32f4xx.o(i.SystemInit)
    TIM2_IRQHandler                          0x08003a89   Thumb Code    16  stm32f4xx_it.o(i.TIM2_IRQHandler)
    TIM8_TRG_COM_TIM14_IRQHandler            0x08003a9d   Thumb Code     6  stm32f4xx_it.o(i.TIM8_TRG_COM_TIM14_IRQHandler)
    TIM_Base_SetConfig                       0x08003aa9   Thumb Code   156  stm32f4xx_hal_tim.o(i.TIM_Base_SetConfig)
    TIM_ETR_SetConfig                        0x08003b71   Thumb Code    20  stm32f4xx_hal_tim.o(i.TIM_ETR_SetConfig)
    UART4_IRQHandler                         0x08003bdd   Thumb Code    66  stm32f4xx_it.o(i.UART4_IRQHandler)
    UART5_IRQHandler                         0x08003c29   Thumb Code    50  stm32f4xx_it.o(i.UART5_IRQHandler)
    UART_Start_Receive_DMA                   0x08003f91   Thumb Code   134  stm32f4xx_hal_uart.o(i.UART_Start_Receive_DMA)
    UI_ReFresh                               0x0800409d   Thumb Code   300  referee_ui.o(i.UI_ReFresh)
    UI_SendByte                              0x080041cd   Thumb Code    16  referee_ui.o(i.UI_SendByte)
    USART1_IRQHandler                        0x080041e1   Thumb Code    74  stm32f4xx_it.o(i.USART1_IRQHandler)
    USART2_IRQHandler                        0x08004235   Thumb Code   158  stm32f4xx_it.o(i.USART2_IRQHandler)
    USART6_IRQHandler                        0x080042e9   Thumb Code     6  stm32f4xx_it.o(i.USART6_IRQHandler)
    USART_Init                               0x080042f5   Thumb Code    76  drv_usart.o(i.USART_Init)
    UsageFault_Handler                       0x08004359   Thumb Code     2  stm32f4xx_it.o(i.UsageFault_Handler)
    VISION_TASK                              0x0800435b   Thumb Code    12  freertos.o(i.VISION_TASK)
    Verify_CRC16_Check_Sum                   0x08004369   Thumb Code    54  crc.o(i.Verify_CRC16_Check_Sum)
    Verify_CRC8_Check_Sum                    0x080043a5   Thumb Code    38  crc.o(i.Verify_CRC8_Check_Sum)
    YAW_MotorAngle_Proc                      0x080043cb   Thumb Code    40  chassis_task.o(i.YAW_MotorAngle_Proc)
    __ARM_fpclassify                         0x080043f3   Thumb Code    48  fpclassify.o(i.__ARM_fpclassify)
    __hardfp_cos                             0x08004449   Thumb Code   180  cos.o(i.__hardfp_cos)
    __hardfp_sin                             0x08004511   Thumb Code   180  sin.o(i.__hardfp_sin)
    __ieee754_rem_pio2                       0x080045d9   Thumb Code   938  rred.o(i.__ieee754_rem_pio2)
    __kernel_cos                             0x08004a11   Thumb Code   322  cos_i.o(i.__kernel_cos)
    __kernel_poly                            0x08004b81   Thumb Code   248  poly.o(i.__kernel_poly)
    __kernel_sin                             0x08004c79   Thumb Code   280  sin_i.o(i.__kernel_sin)
    __mathlib_dbl_infnan                     0x08004da9   Thumb Code    20  dunder.o(i.__mathlib_dbl_infnan)
    __mathlib_dbl_invalid                    0x08004dc1   Thumb Code    24  dunder.o(i.__mathlib_dbl_invalid)
    __mathlib_dbl_underflow                  0x08004de1   Thumb Code    24  dunder.o(i.__mathlib_dbl_underflow)
    capacitance_date                         0x08004e01   Thumb Code    24  can_receive.o(i.capacitance_date)
    chassis_ctrl                             0x08004e19   Thumb Code   302  chassis_task.o(i.chassis_ctrl)
    chassis_pid_init                         0x08004f59   Thumb Code   166  chassis_task.o(i.chassis_pid_init)
    chassis_rc_dbus                          0x08005015   Thumb Code    84  chassis_task.o(i.chassis_rc_dbus)
    chassis_rc_pc                            0x08005071   Thumb Code   216  chassis_task.o(i.chassis_rc_pc)
    chassis_to_common                        0x0800515d   Thumb Code   122  chassis_task.o(i.chassis_to_common)
    chassis_to_gyro                          0x080051e9   Thumb Code   446  chassis_task.o(i.chassis_to_gyro)
    chassis_yaw                              0x080053cd   Thumb Code   234  chassis_task.o(i.chassis_yaw)
    fabs                                     0x08005507   Thumb Code    24  fabs.o(i.fabs)
    get_eular                                0x08005521   Thumb Code    12  imu_data_decode.o(i.get_eular)
    get_motor_measure                        0x08005531   Thumb Code    28  can_receive.o(i.get_motor_measure)
    get_quat                                 0x0800554d   Thumb Code    14  imu_data_decode.o(i.get_quat)
    get_raw_acc                              0x08005561   Thumb Code    16  imu_data_decode.o(i.get_raw_acc)
    get_raw_gyo                              0x08005575   Thumb Code    14  imu_data_decode.o(i.get_raw_gyo)
    get_raw_mag                              0x08005589   Thumb Code    16  imu_data_decode.o(i.get_raw_mag)
    gimbal_ctrl                              0x0800559d   Thumb Code   158  gimbal_task.o(i.gimbal_ctrl)
    gimbal_pid_init                          0x08005649   Thumb Code   120  gimbal_task.o(i.gimbal_pid_init)
    gimbal_rc_dbus                           0x080056d5   Thumb Code    58  gimbal_task.o(i.gimbal_rc_dbus)
    gimbal_rc_pc                             0x0800571d   Thumb Code    58  gimbal_task.o(i.gimbal_rc_pc)
    imu_ctrl                                 0x08005765   Thumb Code    50  imu_data_decode.o(i.imu_ctrl)
    imu_data_decode_init                     0x080057a1   Thumb Code    14  imu_data_decode.o(i.imu_data_decode_init)
    main                                     0x080057b9   Thumb Code    80  main.o(i.main)
    osDelay                                  0x08005819   Thumb Code    14  cmsis_os.o(i.osDelay)
    osKernelStart                            0x08005827   Thumb Code    10  cmsis_os.o(i.osKernelStart)
    osThreadCreate                           0x08005831   Thumb Code    84  cmsis_os.o(i.osThreadCreate)
    pitch_limit                              0x08005885   Thumb Code    40  gimbal_task.o(i.pitch_limit)
    pvPortMalloc                             0x08005bf9   Thumb Code   216  heap_4.o(i.pvPortMalloc)
    pxPortInitialiseStack                    0x08005cd5   Thumb Code    40  port.o(i.pxPortInitialiseStack)
    sbus_to_rc                               0x08005d01   Thumb Code   238  remote_receive.o(i.sbus_to_rc)
    shoot_ctrl                               0x08005df1   Thumb Code    78  shoot_task.o(i.shoot_ctrl)
    shoot_init                               0x08005e4d   Thumb Code   112  shoot_task.o(i.shoot_init)
    shoot_long                               0x08005ed1   Thumb Code    30  shoot_task.o(i.shoot_long)
    shoot_one                                0x08005f01   Thumb Code    48  shoot_task.o(i.shoot_one)
    shoot_pid_init                           0x08005f45   Thumb Code   124  shoot_task.o(i.shoot_pid_init)
    shoot_rc_pc                              0x08005fc9   Thumb Code    86  shoot_task.o(i.shoot_rc_pc)
    uxListRemove                             0x0800602d   Thumb Code    38  list.o(i.uxListRemove)
    vApplicationGetIdleTaskMemory            0x08006055   Thumb Code    16  freertos.o(i.vApplicationGetIdleTaskMemory)
    vListInitialise                          0x08006069   Thumb Code    22  list.o(i.vListInitialise)
    vListInitialiseItem                      0x0800607f   Thumb Code     6  list.o(i.vListInitialiseItem)
    vListInsert                              0x08006085   Thumb Code    48  list.o(i.vListInsert)
    vListInsertEnd                           0x080060b5   Thumb Code    24  list.o(i.vListInsertEnd)
    vPortEnterCritical                       0x080060cd   Thumb Code    54  port.o(i.vPortEnterCritical)
    vPortExitCritical                        0x0800610d   Thumb Code    34  port.o(i.vPortExitCritical)
    vPortFree                                0x08006135   Thumb Code    94  heap_4.o(i.vPortFree)
    vPortSetupTimerInterrupt                 0x08006199   Thumb Code    32  port.o(i.vPortSetupTimerInterrupt)
    vTaskDelay                               0x080061bd   Thumb Code    66  tasks.o(i.vTaskDelay)
    vTaskStartScheduler                      0x08006209   Thumb Code    90  tasks.o(i.vTaskStartScheduler)
    vTaskSuspend                             0x08006275   Thumb Code   174  tasks.o(i.vTaskSuspend)
    vTaskSuspendAll                          0x08006331   Thumb Code    10  tasks.o(i.vTaskSuspendAll)
    vTaskSwitchContext                       0x08006341   Thumb Code    82  tasks.o(i.vTaskSwitchContext)
    visual_date                              0x0800639d   Thumb Code   108  visual_receive_task.o(i.visual_date)
    visual_send_date                         0x08006419   Thumb Code    70  visual_receive_task.o(i.visual_send_date)
    xPortStartScheduler                      0x08006471   Thumb Code   222  port.o(i.xPortStartScheduler)
    xTaskCreate                              0x08006565   Thumb Code    90  tasks.o(i.xTaskCreate)
    xTaskCreateStatic                        0x080065bf   Thumb Code    86  tasks.o(i.xTaskCreateStatic)
    xTaskIncrementTick                       0x08006615   Thumb Code   194  tasks.o(i.xTaskIncrementTick)
    xTaskResumeAll                           0x080066e1   Thumb Code   182  tasks.o(i.xTaskResumeAll)
    xy_speed                                 0x080067a5   Thumb Code    56  chassis_task.o(i.xy_speed)
    yaw_limit                                0x080067dd   Thumb Code    60  gimbal_task.o(i.yaw_limit)
    yaw_pitch_gimbal                         0x08006829   Thumb Code   128  gimbal_task.o(i.yaw_pitch_gimbal)
    __aeabi_dneg                             0x080068b9   Thumb Code     0  basic.o(x$fpl$basic)
    _dneg                                    0x080068b9   Thumb Code     6  basic.o(x$fpl$basic)
    __aeabi_fneg                             0x080068bf   Thumb Code     0  basic.o(x$fpl$basic)
    _fneg                                    0x080068bf   Thumb Code     6  basic.o(x$fpl$basic)
    _dabs                                    0x080068c5   Thumb Code     6  basic.o(x$fpl$basic)
    _fabs                                    0x080068cb   Thumb Code     6  basic.o(x$fpl$basic)
    __aeabi_d2f                              0x080068d1   Thumb Code     0  d2f.o(x$fpl$d2f)
    _d2f                                     0x080068d1   Thumb Code    98  d2f.o(x$fpl$d2f)
    __aeabi_dadd                             0x08006935   Thumb Code     0  daddsub_clz.o(x$fpl$dadd)
    _dadd                                    0x08006935   Thumb Code   332  daddsub_clz.o(x$fpl$dadd)
    __aeabi_ddiv                             0x08006a85   Thumb Code     0  ddiv.o(x$fpl$ddiv)
    _ddiv                                    0x08006a85   Thumb Code   552  ddiv.o(x$fpl$ddiv)
    __aeabi_d2iz                             0x08006d35   Thumb Code     0  dfix.o(x$fpl$dfix)
    _dfix                                    0x08006d35   Thumb Code    94  dfix.o(x$fpl$dfix)
    __aeabi_i2d                              0x08006d93   Thumb Code     0  dflt_clz.o(x$fpl$dflt)
    _dflt                                    0x08006d93   Thumb Code    46  dflt_clz.o(x$fpl$dflt)
    __aeabi_ui2d                             0x08006dc1   Thumb Code     0  dflt_clz.o(x$fpl$dfltu)
    _dfltu                                   0x08006dc1   Thumb Code    38  dflt_clz.o(x$fpl$dfltu)
    __aeabi_dmul                             0x08006de9   Thumb Code     0  dmul.o(x$fpl$dmul)
    _dmul                                    0x08006de9   Thumb Code   332  dmul.o(x$fpl$dmul)
    __fpl_dnaninf                            0x08006f3d   Thumb Code   156  dnaninf.o(x$fpl$dnaninf)
    __fpl_dretinf                            0x08006fd9   Thumb Code    12  dretinf.o(x$fpl$dretinf)
    __aeabi_drsub                            0x08006fe5   Thumb Code     0  daddsub_clz.o(x$fpl$drsb)
    _drsb                                    0x08006fe5   Thumb Code    22  daddsub_clz.o(x$fpl$drsb)
    __aeabi_dsub                             0x08006ffd   Thumb Code     0  daddsub_clz.o(x$fpl$dsub)
    _dsub                                    0x08006ffd   Thumb Code   464  daddsub_clz.o(x$fpl$dsub)
    __aeabi_f2d                              0x080071d1   Thumb Code     0  f2d.o(x$fpl$f2d)
    _f2d                                     0x080071d1   Thumb Code    86  f2d.o(x$fpl$f2d)
    __fpl_fnaninf                            0x08007227   Thumb Code   140  fnaninf.o(x$fpl$fnaninf)
    _fp_init                                 0x080072b3   Thumb Code    10  fpinit.o(x$fpl$fpinit)
    __fplib_config_fpu_vfp                   0x080072bb   Thumb Code     0  fpinit.o(x$fpl$fpinit)
    __fplib_config_pureend_doubles           0x080072bb   Thumb Code     0  fpinit.o(x$fpl$fpinit)
    __fpl_fretinf                            0x080072bd   Thumb Code    10  fretinf.o(x$fpl$fretinf)
    __I$use$fp                               0x080072c6   Number         0  usenofp.o(x$fpl$usenofp)
    AHBPrescTable                            0x08007394   Data          16  system_stm32f4xx.o(.constdata)
    APBPrescTable                            0x080073a4   Data           8  system_stm32f4xx.o(.constdata)
    CRC8_TAB                                 0x080073ac   Data         256  crc.o(.constdata)
    wCRC_Table                               0x080074ac   Data         512  crc.o(.constdata)
    Region$$Table$$Base                      0x08007810   Number         0  anon$$obj.o(Region$$Table)
    Region$$Table$$Limit                     0x08007830   Number         0  anon$$obj.o(Region$$Table)
    defaultTaskHandle                        0x20000000   Data           4  freertos.o(.data)
    CHASSISHandle                            0x20000004   Data           4  freertos.o(.data)
    GIMBALHandle                             0x20000008   Data           4  freertos.o(.data)
    SHOOTHandle                              0x2000000c   Data           4  freertos.o(.data)
    VISIONHandle                             0x20000010   Data           4  freertos.o(.data)
    GUSUIHandle                              0x20000014   Data           4  freertos.o(.data)
    OFF_LINEHandle                           0x20000018   Data           4  freertos.o(.data)
    ch                                       0x20000020   Data           1  stm32f4xx_it.o(.data)
    uwTickFreq                               0x20000024   Data           1  stm32f4xx_hal.o(.data)
    uwTickPrio                               0x20000028   Data           4  stm32f4xx_hal.o(.data)
    uwTick                                   0x2000002c   Data           4  stm32f4xx_hal.o(.data)
    SystemCoreClock                          0x20000030   Data           4  system_stm32f4xx.o(.data)
    pxCurrentTCB                             0x20000034   Data           4  tasks.o(.data)
    yaw_angle_t                              0x2000009c   Data           2  chassis_task.o(.data)
    Yaw_Angle_t                              0x200000a0   Data           4  chassis_task.o(.data)
    Z                                        0x200000a4   Data           4  chassis_task.o(.data)
    X                                        0x200000a8   Data           4  chassis_task.o(.data)
    C                                        0x200000ac   Data           4  chassis_task.o(.data)
    x                                        0x200000b0   Data           4  gimbal_task.o(.data)
    z                                        0x200000b4   Data           4  gimbal_task.o(.data)
    cnt                                      0x200000b8   Data           1  shoot_task.o(.data)
    shoot_1                                  0x200000bc   Data           4  shoot_task.o(.data)
    v                                        0x200000c0   Data           4  shoot_task.o(.data)
    Judge_Data_TF                            0x200000c4   Data           1  referee.o(.data)
    UI_Seq                                   0x200000c5   Data           1  referee_ui.o(.data)
    top_arr                                  0x200000c6   Data           4  referee_ui.o(.data)
    shoot_arr                                0x200000ca   Data           5  referee_ui.o(.data)
    Vision_Coff                              0x200000d0   Data           4  visual_receive_task.o(.data)
    Visual_Buffer                            0x200000d4   Data           6  visual_receive_task.o(.data)
    super_capacitor                          0x200000fa   Data           8  can_receive.o(.data)
    CRC_INIT                                 0x20000102   Data           2  crc.o(.data)
    ID                                       0x20000105   Data           1  imu_data_decode.o(.data)
    Acc                                      0x20000118   Data           6  imu_data_decode.o(.data)
    Gyo                                      0x2000011e   Data           6  imu_data_decode.o(.data)
    Mag                                      0x20000124   Data           6  imu_data_decode.o(.data)
    hcan1                                    0x20000394   Data          40  can.o(.bss)
    hcan2                                    0x200003bc   Data          40  can.o(.bss)
    htim2                                    0x200003e4   Data          72  tim.o(.bss)
    huart4                                   0x2000042c   Data          68  usart.o(.bss)
    huart5                                   0x20000470   Data          68  usart.o(.bss)
    huart1                                   0x200004b4   Data          68  usart.o(.bss)
    huart2                                   0x200004f8   Data          68  usart.o(.bss)
    huart6                                   0x2000053c   Data          68  usart.o(.bss)
    hdma_uart4_rx                            0x20000580   Data          96  usart.o(.bss)
    hdma_usart1_rx                           0x200005e0   Data          96  usart.o(.bss)
    hdma_usart1_tx                           0x20000640   Data          96  usart.o(.bss)
    hdma_usart2_rx                           0x200006a0   Data          96  usart.o(.bss)
    htim14                                   0x20000700   Data          72  stm32f4xx_hal_timebase_tim.o(.bss)
    sbus_rx_buf                              0x20004438   Data          72  drv_usart.o(.bss)
    rc_3508_t                                0x20004480   Data          20  chassis_task.o(.bss)
    moto_shoot                               0x20004494   Data          56  shoot_task.o(.bss)
    REF                                      0x200044cc   Data         200  referee.o(.bss)
    Judge_Buffer                             0x20004594   Data         128  referee.o(.bss)
    G1                                       0x20004614   Data          15  referee_ui.o(.bss)
    G2                                       0x20004623   Data          15  referee_ui.o(.bss)
    G3                                       0x20004632   Data          15  referee_ui.o(.bss)
    G4                                       0x20004641   Data          15  referee_ui.o(.bss)
    G5                                       0x20004650   Data          15  referee_ui.o(.bss)
    G6                                       0x2000465f   Data          15  referee_ui.o(.bss)
    G7                                       0x2000466e   Data          15  referee_ui.o(.bss)
    CH_SHOOT                                 0x2000467d   Data          45  referee_ui.o(.bss)
    CH_TOP                                   0x200046aa   Data          45  referee_ui.o(.bss)
    From_Vision_Data                         0x200046d8   Data          16  visual_receive_task.o(.bss)
    send                                     0x200046e8   Data          32  visual_receive_task.o(.bss)
    rc_ctrl                                  0x20004708   Data          20  remote_receive.o(.bss)
    motor_chassis                            0x2000477c   Data          50  can_receive.o(.bss)
    motor_gimbal                             0x200047ae   Data          30  can_receive.o(.bss)
    motor_shoot                              0x200047cc   Data          40  can_receive.o(.bss)
    pid_chassis                              0x200047f4   Data         544  pid.o(.bss)
    pid_gimbal                               0x20004a14   Data         340  pid.o(.bss)
    pid_shoot                                0x20004b68   Data         544  pid.o(.bss)
    Eular                                    0x20004e30   Data          12  imu_data_decode.o(.bss)
    Quat                                     0x20004e3c   Data          16  imu_data_decode.o(.bss)
    __libspace_start                         0x20004e4c   Data          96  libspace.o(.bss)
    __temporary_stack_top$libspace           0x20004eac   Data           0  libspace.o(.bss)



==============================================================================

Memory Map of the image

  Image Entry point : 0x08000189

  Load Region LR_IROM1 (Base: 0x08000000, Size: 0x00007970, Max: 0x00100000, ABSOLUTE, COMPRESSED[0x0000785c])

    Execution Region ER_IROM1 (Exec base: 0x08000000, Load base: 0x08000000, Size: 0x00007830, Max: 0x00100000, ABSOLUTE)

    Exec Addr    Load Addr    Size         Type   Attr      Idx    E Section Name        Object

    0x08000000   0x08000000   0x00000188   Data   RO          978    RESET               startup_stm32f405xx.o
    0x08000188   0x08000188   0x00000008   Code   RO         6064  * !!!main             c_w.l(__main.o)
    0x08000190   0x08000190   0x00000034   Code   RO         6341    !!!scatter          c_w.l(__scatter.o)
    0x080001c4   0x080001c4   0x0000003a   Code   RO         6339    !!dczerorl          c_w.l(__dczerorl.o)
    0x080001fe   0x080001fe   0x00000002   PAD
    0x08000200   0x08000200   0x0000001c   Code   RO         6343    !!handler_zi        c_w.l(__scatter_zi.o)
    0x0800021c   0x0800021c   0x00000002   Code   RO         6210    .ARM.Collect$$libinit$$00000000  c_w.l(libinit.o)
    0x0800021e   0x0800021e   0x00000004   Code   RO         6219    .ARM.Collect$$libinit$$00000001  c_w.l(libinit2.o)
    0x08000222   0x08000222   0x00000000   Code   RO         6222    .ARM.Collect$$libinit$$00000004  c_w.l(libinit2.o)
    0x08000222   0x08000222   0x00000000   Code   RO         6225    .ARM.Collect$$libinit$$0000000A  c_w.l(libinit2.o)
    0x08000222   0x08000222   0x00000000   Code   RO         6227    .ARM.Collect$$libinit$$0000000C  c_w.l(libinit2.o)
    0x08000222   0x08000222   0x00000000   Code   RO         6229    .ARM.Collect$$libinit$$0000000E  c_w.l(libinit2.o)
    0x08000222   0x08000222   0x00000000   Code   RO         6232    .ARM.Collect$$libinit$$00000011  c_w.l(libinit2.o)
    0x08000222   0x08000222   0x00000000   Code   RO         6234    .ARM.Collect$$libinit$$00000013  c_w.l(libinit2.o)
    0x08000222   0x08000222   0x00000000   Code   RO         6236    .ARM.Collect$$libinit$$00000015  c_w.l(libinit2.o)
    0x08000222   0x08000222   0x00000000   Code   RO         6238    .ARM.Collect$$libinit$$00000017  c_w.l(libinit2.o)
    0x08000222   0x08000222   0x00000000   Code   RO         6240    .ARM.Collect$$libinit$$00000019  c_w.l(libinit2.o)
    0x08000222   0x08000222   0x00000000   Code   RO         6242    .ARM.Collect$$libinit$$0000001B  c_w.l(libinit2.o)
    0x08000222   0x08000222   0x00000000   Code   RO         6244    .ARM.Collect$$libinit$$0000001D  c_w.l(libinit2.o)
    0x08000222   0x08000222   0x00000000   Code   RO         6246    .ARM.Collect$$libinit$$0000001F  c_w.l(libinit2.o)
    0x08000222   0x08000222   0x00000000   Code   RO         6248    .ARM.Collect$$libinit$$00000021  c_w.l(libinit2.o)
    0x08000222   0x08000222   0x00000000   Code   RO         6250    .ARM.Collect$$libinit$$00000023  c_w.l(libinit2.o)
    0x08000222   0x08000222   0x00000000   Code   RO         6252    .ARM.Collect$$libinit$$00000025  c_w.l(libinit2.o)
    0x08000222   0x08000222   0x00000000   Code   RO         6256    .ARM.Collect$$libinit$$0000002C  c_w.l(libinit2.o)
    0x08000222   0x08000222   0x00000000   Code   RO         6258    .ARM.Collect$$libinit$$0000002E  c_w.l(libinit2.o)
    0x08000222   0x08000222   0x00000000   Code   RO         6260    .ARM.Collect$$libinit$$00000030  c_w.l(libinit2.o)
    0x08000222   0x08000222   0x00000000   Code   RO         6262    .ARM.Collect$$libinit$$00000032  c_w.l(libinit2.o)
    0x08000222   0x08000222   0x00000002   Code   RO         6263    .ARM.Collect$$libinit$$00000033  c_w.l(libinit2.o)
    0x08000224   0x08000224   0x00000002   Code   RO         6294    .ARM.Collect$$libshutdown$$00000000  c_w.l(libshutdown.o)
    0x08000226   0x08000226   0x00000000   Code   RO         6320    .ARM.Collect$$libshutdown$$00000002  c_w.l(libshutdown2.o)
    0x08000226   0x08000226   0x00000000   Code   RO         6322    .ARM.Collect$$libshutdown$$00000004  c_w.l(libshutdown2.o)
    0x08000226   0x08000226   0x00000000   Code   RO         6324    .ARM.Collect$$libshutdown$$00000006  c_w.l(libshutdown2.o)
    0x08000226   0x08000226   0x00000000   Code   RO         6327    .ARM.Collect$$libshutdown$$00000009  c_w.l(libshutdown2.o)
    0x08000226   0x08000226   0x00000000   Code   RO         6330    .ARM.Collect$$libshutdown$$0000000C  c_w.l(libshutdown2.o)
    0x08000226   0x08000226   0x00000000   Code   RO         6332    .ARM.Collect$$libshutdown$$0000000E  c_w.l(libshutdown2.o)
    0x08000226   0x08000226   0x00000000   Code   RO         6335    .ARM.Collect$$libshutdown$$00000011  c_w.l(libshutdown2.o)
    0x08000226   0x08000226   0x00000002   Code   RO         6336    .ARM.Collect$$libshutdown$$00000012  c_w.l(libshutdown2.o)
    0x08000228   0x08000228   0x00000000   Code   RO         6110    .ARM.Collect$$rtentry$$00000000  c_w.l(__rtentry.o)
    0x08000228   0x08000228   0x00000000   Code   RO         6155    .ARM.Collect$$rtentry$$00000002  c_w.l(__rtentry2.o)
    0x08000228   0x08000228   0x00000006   Code   RO         6167    .ARM.Collect$$rtentry$$00000004  c_w.l(__rtentry4.o)
    0x0800022e   0x0800022e   0x00000000   Code   RO         6157    .ARM.Collect$$rtentry$$00000009  c_w.l(__rtentry2.o)
    0x0800022e   0x0800022e   0x00000004   Code   RO         6158    .ARM.Collect$$rtentry$$0000000A  c_w.l(__rtentry2.o)
    0x08000232   0x08000232   0x00000000   Code   RO         6160    .ARM.Collect$$rtentry$$0000000C  c_w.l(__rtentry2.o)
    0x08000232   0x08000232   0x00000008   Code   RO         6161    .ARM.Collect$$rtentry$$0000000D  c_w.l(__rtentry2.o)
    0x0800023a   0x0800023a   0x00000002   Code   RO         6211    .ARM.Collect$$rtexit$$00000000  c_w.l(rtexit.o)
    0x0800023c   0x0800023c   0x00000000   Code   RO         6267    .ARM.Collect$$rtexit$$00000002  c_w.l(rtexit2.o)
    0x0800023c   0x0800023c   0x00000004   Code   RO         6268    .ARM.Collect$$rtexit$$00000003  c_w.l(rtexit2.o)
    0x08000240   0x08000240   0x00000006   Code   RO         6269    .ARM.Collect$$rtexit$$00000004  c_w.l(rtexit2.o)
    0x08000246   0x08000246   0x00000002   PAD
    0x08000248   0x08000248   0x000000be   Code   RO         4973    .emb_text           port.o
    0x08000306   0x08000306   0x00000002   PAD
    0x08000308   0x08000308   0x00000040   Code   RO          979    .text               startup_stm32f405xx.o
    0x08000348   0x08000348   0x000000ee   Code   RO         6050    .text               c_w.l(lludivv7m.o)
    0x08000436   0x08000436   0x0000008a   Code   RO         6052    .text               c_w.l(rt_memcpy_v6.o)
    0x080004c0   0x080004c0   0x00000064   Code   RO         6054    .text               c_w.l(rt_memcpy_w.o)
    0x08000524   0x08000524   0x00000044   Code   RO         6058    .text               c_w.l(rt_memclr.o)
    0x08000568   0x08000568   0x0000004e   Code   RO         6060    .text               c_w.l(rt_memclr_w.o)
    0x080005b6   0x080005b6   0x00000006   Code   RO         6062    .text               c_w.l(heapauxi.o)
    0x080005bc   0x080005bc   0x00000016   Code   RO         6115    .text               c_w.l(_rserrno.o)
    0x080005d2   0x080005d2   0x00000002   PAD
    0x080005d4   0x080005d4   0x00000008   Code   RO         6174    .text               c_w.l(rt_errno_addr_intlibspace.o)
    0x080005dc   0x080005dc   0x00000008   Code   RO         6194    .text               c_w.l(libspace.o)
    0x080005e4   0x080005e4   0x0000004a   Code   RO         6197    .text               c_w.l(sys_stackheap_outer.o)
    0x0800062e   0x0800062e   0x00000012   Code   RO         6199    .text               c_w.l(exit.o)
    0x08000640   0x08000640   0x0000000c   Code   RO         6264    .text               c_w.l(sys_exit.o)
    0x0800064c   0x0800064c   0x00000002   Code   RO         6283    .text               c_w.l(use_no_semi.o)
    0x0800064e   0x0800064e   0x00000000   Code   RO         6285    .text               c_w.l(indicate_semi.o)
    0x0800064e   0x0800064e   0x00000002   Code   RO          765    i.BusFault_Handler  stm32f4xx_it.o
    0x08000650   0x08000650   0x0000000c   Code   RO          766    i.CAN1_RX0_IRQHandler  stm32f4xx_it.o
    0x0800065c   0x0800065c   0x0000000c   Code   RO          767    i.CAN2_RX0_IRQHandler  stm32f4xx_it.o
    0x08000668   0x08000668   0x00000058   Code   RO         5053    i.CAN_Init          drv_can.o
    0x080006c0   0x080006c0   0x00000038   Code   RO         5662    i.CAN_cmd_capacitance  can_receive.o
    0x080006f8   0x080006f8   0x00000048   Code   RO         5663    i.CAN_cmd_chassis   can_receive.o
    0x08000740   0x08000740   0x0000003c   Code   RO         5664    i.CAN_cmd_gimbal_pitch  can_receive.o
    0x0800077c   0x0800077c   0x00000038   Code   RO         5665    i.CAN_cmd_gimbal_yaw  can_receive.o
    0x080007b4   0x080007b4   0x0000003c   Code   RO         5666    i.CAN_cmd_shoot     can_receive.o
    0x080007f0   0x080007f0   0x0000000c   Code   RO          388    i.CHASSIS_TASK      freertos.o
    0x080007fc   0x080007fc   0x0000009a   Code   RO         5418    i.Char_Draw         referee_ui.o
    0x08000896   0x08000896   0x00000002   PAD
    0x08000898   0x08000898   0x000000e0   Code   RO         5419    i.Char_ReFresh      referee_ui.o
    0x08000978   0x08000978   0x00000074   Code   RO         5420    i.Circle_Draw       referee_ui.o
    0x080009ec   0x080009ec   0x0000000c   Code   RO          768    i.DMA1_Stream2_IRQHandler  stm32f4xx_it.o
    0x080009f8   0x080009f8   0x0000000c   Code   RO          769    i.DMA1_Stream5_IRQHandler  stm32f4xx_it.o
    0x08000a04   0x08000a04   0x0000000c   Code   RO          770    i.DMA2_Stream2_IRQHandler  stm32f4xx_it.o
    0x08000a10   0x08000a10   0x0000000c   Code   RO          771    i.DMA2_Stream7_IRQHandler  stm32f4xx_it.o
    0x08000a1c   0x08000a1c   0x00000028   Code   RO         1679    i.DMA_CalcBaseAndBitshift  stm32f4xx_hal_dma.o
    0x08000a44   0x08000a44   0x00000054   Code   RO         1680    i.DMA_CheckFifoParam  stm32f4xx_hal_dma.o
    0x08000a98   0x08000a98   0x00000028   Code   RO         1681    i.DMA_SetConfig     stm32f4xx_hal_dma.o
    0x08000ac0   0x08000ac0   0x00000002   Code   RO          772    i.DebugMon_Handler  stm32f4xx_it.o
    0x08000ac2   0x08000ac2   0x00000012   Code   RO         5118    i.Driver_Init       driver.o
    0x08000ad4   0x08000ad4   0x00000004   Code   RO            4    i.Error_Handler     main.o
    0x08000ad8   0x08000ad8   0x0000000c   Code   RO          389    i.GIMBAL_TASK       freertos.o
    0x08000ae4   0x08000ae4   0x0000028c   Code   RO         5422    i.GUSIUI            referee_ui.o
    0x08000d70   0x08000d70   0x0000001c   Code   RO          390    i.GUSUI_TASK        freertos.o
    0x08000d8c   0x08000d8c   0x0000002c   Code   RO         5773    i.Get_CRC16_Check_Sum  crc.o
    0x08000db8   0x08000db8   0x0000001c   Code   RO         5774    i.Get_CRC8_Check_Sum  crc.o
    0x08000dd4   0x08000dd4   0x00000024   Code   RO          987    i.HAL_CAN_ActivateNotification  stm32f4xx_hal_can.o
    0x08000df8   0x08000df8   0x000000dc   Code   RO          988    i.HAL_CAN_AddTxMessage  stm32f4xx_hal_can.o
    0x08000ed4   0x08000ed4   0x0000010c   Code   RO          989    i.HAL_CAN_ConfigFilter  stm32f4xx_hal_can.o
    0x08000fe0   0x08000fe0   0x00000002   Code   RO          992    i.HAL_CAN_ErrorCallback  stm32f4xx_hal_can.o
    0x08000fe2   0x08000fe2   0x000000e8   Code   RO          995    i.HAL_CAN_GetRxMessage  stm32f4xx_hal_can.o
    0x080010ca   0x080010ca   0x000001fc   Code   RO          999    i.HAL_CAN_IRQHandler  stm32f4xx_hal_can.o
    0x080012c6   0x080012c6   0x0000011a   Code   RO         1000    i.HAL_CAN_Init      stm32f4xx_hal_can.o
    0x080013e0   0x080013e0   0x00000100   Code   RO          552    i.HAL_CAN_MspInit   can.o
    0x080014e0   0x080014e0   0x00000002   Code   RO         1007    i.HAL_CAN_RxFifo0FullCallback  stm32f4xx_hal_can.o
    0x080014e2   0x080014e2   0x00000002   PAD
    0x080014e4   0x080014e4   0x000000e8   Code   RO         5667    i.HAL_CAN_RxFifo0MsgPendingCallback  can_receive.o
    0x080015cc   0x080015cc   0x00000002   Code   RO         1009    i.HAL_CAN_RxFifo1FullCallback  stm32f4xx_hal_can.o
    0x080015ce   0x080015ce   0x00000002   Code   RO         1010    i.HAL_CAN_RxFifo1MsgPendingCallback  stm32f4xx_hal_can.o
    0x080015d0   0x080015d0   0x00000002   Code   RO         1011    i.HAL_CAN_SleepCallback  stm32f4xx_hal_can.o
    0x080015d2   0x080015d2   0x00000002   PAD
    0x080015d4   0x080015d4   0x00000058   Code   RO         1012    i.HAL_CAN_Start     stm32f4xx_hal_can.o
    0x0800162c   0x0800162c   0x00000002   Code   RO         1014    i.HAL_CAN_TxMailbox0AbortCallback  stm32f4xx_hal_can.o
    0x0800162e   0x0800162e   0x00000002   Code   RO         1015    i.HAL_CAN_TxMailbox0CompleteCallback  stm32f4xx_hal_can.o
    0x08001630   0x08001630   0x00000002   Code   RO         1016    i.HAL_CAN_TxMailbox1AbortCallback  stm32f4xx_hal_can.o
    0x08001632   0x08001632   0x00000002   Code   RO         1017    i.HAL_CAN_TxMailbox1CompleteCallback  stm32f4xx_hal_can.o
    0x08001634   0x08001634   0x00000002   Code   RO         1018    i.HAL_CAN_TxMailbox2AbortCallback  stm32f4xx_hal_can.o
    0x08001636   0x08001636   0x00000002   Code   RO         1019    i.HAL_CAN_TxMailbox2CompleteCallback  stm32f4xx_hal_can.o
    0x08001638   0x08001638   0x00000002   Code   RO         1021    i.HAL_CAN_WakeUpFromRxMsgCallback  stm32f4xx_hal_can.o
    0x0800163a   0x0800163a   0x00000092   Code   RO         1682    i.HAL_DMA_Abort     stm32f4xx_hal_dma.o
    0x080016cc   0x080016cc   0x00000024   Code   RO         1683    i.HAL_DMA_Abort_IT  stm32f4xx_hal_dma.o
    0x080016f0   0x080016f0   0x000001a0   Code   RO         1687    i.HAL_DMA_IRQHandler  stm32f4xx_hal_dma.o
    0x08001890   0x08001890   0x000000d4   Code   RO         1688    i.HAL_DMA_Init      stm32f4xx_hal_dma.o
    0x08001964   0x08001964   0x0000006e   Code   RO         1692    i.HAL_DMA_Start_IT  stm32f4xx_hal_dma.o
    0x080019d2   0x080019d2   0x00000002   PAD
    0x080019d4   0x080019d4   0x00000024   Code   RO         2101    i.HAL_Delay         stm32f4xx_hal.o
    0x080019f8   0x080019f8   0x000001f0   Code   RO         1575    i.HAL_GPIO_Init     stm32f4xx_hal_gpio.o
    0x08001be8   0x08001be8   0x0000000c   Code   RO         2107    i.HAL_GetTick       stm32f4xx_hal.o
    0x08001bf4   0x08001bf4   0x00000010   Code   RO         2113    i.HAL_IncTick       stm32f4xx_hal.o
    0x08001c04   0x08001c04   0x00000034   Code   RO         2114    i.HAL_Init          stm32f4xx_hal.o
    0x08001c38   0x08001c38   0x00000098   Code   RO          940    i.HAL_InitTick      stm32f4xx_hal_timebase_tim.o
    0x08001cd0   0x08001cd0   0x00000038   Code   RO          916    i.HAL_MspInit       stm32f4xx_hal_msp.o
    0x08001d08   0x08001d08   0x0000001a   Code   RO         1964    i.HAL_NVIC_EnableIRQ  stm32f4xx_hal_cortex.o
    0x08001d22   0x08001d22   0x00000002   PAD
    0x08001d24   0x08001d24   0x00000040   Code   RO         1970    i.HAL_NVIC_SetPriority  stm32f4xx_hal_cortex.o
    0x08001d64   0x08001d64   0x00000024   Code   RO         1971    i.HAL_NVIC_SetPriorityGrouping  stm32f4xx_hal_cortex.o
    0x08001d88   0x08001d88   0x00000134   Code   RO         1221    i.HAL_RCC_ClockConfig  stm32f4xx_hal_rcc.o
    0x08001ebc   0x08001ebc   0x00000040   Code   RO         1225    i.HAL_RCC_GetClockConfig  stm32f4xx_hal_rcc.o
    0x08001efc   0x08001efc   0x00000020   Code   RO         1228    i.HAL_RCC_GetPCLK1Freq  stm32f4xx_hal_rcc.o
    0x08001f1c   0x08001f1c   0x00000020   Code   RO         1229    i.HAL_RCC_GetPCLK2Freq  stm32f4xx_hal_rcc.o
    0x08001f3c   0x08001f3c   0x00000064   Code   RO         1230    i.HAL_RCC_GetSysClockFreq  stm32f4xx_hal_rcc.o
    0x08001fa0   0x08001fa0   0x0000036c   Code   RO         1233    i.HAL_RCC_OscConfig  stm32f4xx_hal_rcc.o
    0x0800230c   0x0800230c   0x00000002   Code   RO         3088    i.HAL_TIMEx_BreakCallback  stm32f4xx_hal_tim_ex.o
    0x0800230e   0x0800230e   0x00000002   Code   RO         3089    i.HAL_TIMEx_CommutCallback  stm32f4xx_hal_tim_ex.o
    0x08002310   0x08002310   0x00000090   Code   RO         3107    i.HAL_TIMEx_MasterConfigSynchronization  stm32f4xx_hal_tim_ex.o
    0x080023a0   0x080023a0   0x0000005a   Code   RO         2384    i.HAL_TIM_Base_Init  stm32f4xx_hal_tim.o
    0x080023fa   0x080023fa   0x00000002   PAD
    0x080023fc   0x080023fc   0x00000038   Code   RO          658    i.HAL_TIM_Base_MspInit  tim.o
    0x08002434   0x08002434   0x00000080   Code   RO         2389    i.HAL_TIM_Base_Start_IT  stm32f4xx_hal_tim.o
    0x080024b4   0x080024b4   0x000000dc   Code   RO         2393    i.HAL_TIM_ConfigClockSource  stm32f4xx_hal_tim.o
    0x08002590   0x08002590   0x00000002   Code   RO         2418    i.HAL_TIM_IC_CaptureCallback  stm32f4xx_hal_tim.o
    0x08002592   0x08002592   0x00000166   Code   RO         2432    i.HAL_TIM_IRQHandler  stm32f4xx_hal_tim.o
    0x080026f8   0x080026f8   0x00000002   Code   RO         2435    i.HAL_TIM_OC_DelayElapsedCallback  stm32f4xx_hal_tim.o
    0x080026fa   0x080026fa   0x00000002   Code   RO         2462    i.HAL_TIM_PWM_PulseFinishedCallback  stm32f4xx_hal_tim.o
    0x080026fc   0x080026fc   0x0000002c   Code   RO            5    i.HAL_TIM_PeriodElapsedCallback  main.o
    0x08002728   0x08002728   0x00000002   Code   RO         2475    i.HAL_TIM_TriggerCallback  stm32f4xx_hal_tim.o
    0x0800272a   0x0800272a   0x00000002   Code   RO         3366    i.HAL_UARTEx_RxEventCallback  stm32f4xx_hal_uart.o
    0x0800272c   0x0800272c   0x0000008c   Code   RO         3377    i.HAL_UART_DMAResume  stm32f4xx_hal_uart.o
    0x080027b8   0x080027b8   0x00000070   Code   RO         3378    i.HAL_UART_DMAStop  stm32f4xx_hal_uart.o
    0x08002828   0x08002828   0x00000002   Code   RO         3380    i.HAL_UART_ErrorCallback  stm32f4xx_hal_uart.o
    0x0800282a   0x0800282a   0x00000002   PAD
    0x0800282c   0x0800282c   0x00000268   Code   RO         3383    i.HAL_UART_IRQHandler  stm32f4xx_hal_uart.o
    0x08002a94   0x08002a94   0x00000062   Code   RO         3384    i.HAL_UART_Init     stm32f4xx_hal_uart.o
    0x08002af6   0x08002af6   0x00000002   PAD
    0x08002af8   0x08002af8   0x000002e0   Code   RO          700    i.HAL_UART_MspInit  usart.o
    0x08002dd8   0x08002dd8   0x000000c0   Code   RO         3387    i.HAL_UART_Receive  stm32f4xx_hal_uart.o
    0x08002e98   0x08002e98   0x0000002a   Code   RO         3388    i.HAL_UART_Receive_DMA  stm32f4xx_hal_uart.o
    0x08002ec2   0x08002ec2   0x00000002   Code   RO         3390    i.HAL_UART_RxCpltCallback  stm32f4xx_hal_uart.o
    0x08002ec4   0x08002ec4   0x00000002   Code   RO         3391    i.HAL_UART_RxHalfCpltCallback  stm32f4xx_hal_uart.o
    0x08002ec6   0x08002ec6   0x00000002   PAD
    0x08002ec8   0x08002ec8   0x000000b2   Code   RO         3392    i.HAL_UART_Transmit  stm32f4xx_hal_uart.o
    0x08002f7a   0x08002f7a   0x00000002   Code   RO         3395    i.HAL_UART_TxCpltCallback  stm32f4xx_hal_uart.o
    0x08002f7c   0x08002f7c   0x00000002   Code   RO          773    i.HardFault_Handler  stm32f4xx_it.o
    0x08002f7e   0x08002f7e   0x00000002   PAD
    0x08002f80   0x08002f80   0x0000019c   Code   RO         5382    i.Judege_read_data  referee.o
    0x0800311c   0x0800311c   0x0000007e   Code   RO         5425    i.Line_Draw         referee_ui.o
    0x0800319a   0x0800319a   0x00000002   PAD
    0x0800319c   0x0800319c   0x00000048   Code   RO          553    i.MX_CAN1_Init      can.o
    0x080031e4   0x080031e4   0x00000048   Code   RO          554    i.MX_CAN2_Init      can.o
    0x0800322c   0x0800322c   0x0000006c   Code   RO          600    i.MX_DMA_Init       dma.o
    0x08003298   0x08003298   0x000000ac   Code   RO          391    i.MX_FREERTOS_Init  freertos.o
    0x08003344   0x08003344   0x0000005c   Code   RO          265    i.MX_GPIO_Init      gpio.o
    0x080033a0   0x080033a0   0x00000064   Code   RO          659    i.MX_TIM2_Init      tim.o
    0x08003404   0x08003404   0x00000038   Code   RO          701    i.MX_UART4_Init     usart.o
    0x0800343c   0x0800343c   0x00000038   Code   RO          702    i.MX_UART5_Init     usart.o
    0x08003474   0x08003474   0x00000038   Code   RO          703    i.MX_USART1_UART_Init  usart.o
    0x080034ac   0x080034ac   0x00000044   Code   RO          704    i.MX_USART2_UART_Init  usart.o
    0x080034f0   0x080034f0   0x00000038   Code   RO          705    i.MX_USART6_UART_Init  usart.o
    0x08003528   0x08003528   0x00000002   Code   RO          774    i.MemManage_Handler  stm32f4xx_it.o
    0x0800352a   0x0800352a   0x00000002   PAD
    0x0800352c   0x0800352c   0x000000c4   Code   RO         5315    i.Motor_Angle_Cal   shoot_task.o
    0x080035f0   0x080035f0   0x00000002   Code   RO          775    i.NMI_Handler       stm32f4xx_it.o
    0x080035f2   0x080035f2   0x00000008   Code   RO          392    i.OFF_LINE_TASK     freertos.o
    0x080035fa   0x080035fa   0x00000002   PAD
    0x080035fc   0x080035fc   0x00000138   Code   RO         5867    i.OnDataReceived    imu_data_decode.o
    0x08003734   0x08003734   0x000000b8   Code   RO         5832    i.PID_calc          pid.o
    0x080037ec   0x080037ec   0x00000050   Code   RO         5833    i.PID_init          pid.o
    0x0800383c   0x0800383c   0x000000ec   Code   RO         5940    i.Packet_Decode     packet.o
    0x08003928   0x08003928   0x00000018   Code   RO         5941    i.Packet_DecodeInit  packet.o
    0x08003940   0x08003940   0x00000060   Code   RO         5081    i.RC_Init           drv_usart.o
    0x080039a0   0x080039a0   0x0000000c   Code   RO          393    i.SHOOT_TASK        freertos.o
    0x080039ac   0x080039ac   0x00000008   Code   RO          394    i.StartDefaultTask  freertos.o
    0x080039b4   0x080039b4   0x0000002c   Code   RO         4974    i.SysTick_Handler   port.o
    0x080039e0   0x080039e0   0x00000098   Code   RO            6    i.SystemClock_Config  main.o
    0x08003a78   0x08003a78   0x00000010   Code   RO         3713    i.SystemInit        system_stm32f4xx.o
    0x08003a88   0x08003a88   0x00000014   Code   RO          776    i.TIM2_IRQHandler   stm32f4xx_it.o
    0x08003a9c   0x08003a9c   0x0000000c   Code   RO          777    i.TIM8_TRG_COM_TIM14_IRQHandler  stm32f4xx_it.o
    0x08003aa8   0x08003aa8   0x000000c8   Code   RO         2477    i.TIM_Base_SetConfig  stm32f4xx_hal_tim.o
    0x08003b70   0x08003b70   0x00000014   Code   RO         2488    i.TIM_ETR_SetConfig  stm32f4xx_hal_tim.o
    0x08003b84   0x08003b84   0x00000010   Code   RO         2489    i.TIM_ITRx_SetConfig  stm32f4xx_hal_tim.o
    0x08003b94   0x08003b94   0x00000022   Code   RO         2495    i.TIM_TI1_ConfigInputStage  stm32f4xx_hal_tim.o
    0x08003bb6   0x08003bb6   0x00000024   Code   RO         2497    i.TIM_TI2_ConfigInputStage  stm32f4xx_hal_tim.o
    0x08003bda   0x08003bda   0x00000002   PAD
    0x08003bdc   0x08003bdc   0x0000004c   Code   RO          778    i.UART4_IRQHandler  stm32f4xx_it.o
    0x08003c28   0x08003c28   0x0000003c   Code   RO          779    i.UART5_IRQHandler  stm32f4xx_it.o
    0x08003c64   0x08003c64   0x00000010   Code   RO         3397    i.UART_DMAAbortOnError  stm32f4xx_hal_uart.o
    0x08003c74   0x08003c74   0x0000004a   Code   RO         3398    i.UART_DMAError     stm32f4xx_hal_uart.o
    0x08003cbe   0x08003cbe   0x00000082   Code   RO         3399    i.UART_DMAReceiveCplt  stm32f4xx_hal_uart.o
    0x08003d40   0x08003d40   0x0000001a   Code   RO         3401    i.UART_DMARxHalfCplt  stm32f4xx_hal_uart.o
    0x08003d5a   0x08003d5a   0x0000004e   Code   RO         3407    i.UART_EndRxTransfer  stm32f4xx_hal_uart.o
    0x08003da8   0x08003da8   0x0000001c   Code   RO         3408    i.UART_EndTxTransfer  stm32f4xx_hal_uart.o
    0x08003dc4   0x08003dc4   0x000000c0   Code   RO         3409    i.UART_Receive_IT   stm32f4xx_hal_uart.o
    0x08003e84   0x08003e84   0x0000010c   Code   RO         3410    i.UART_SetConfig    stm32f4xx_hal_uart.o
    0x08003f90   0x08003f90   0x00000094   Code   RO         3411    i.UART_Start_Receive_DMA  stm32f4xx_hal_uart.o
    0x08004024   0x08004024   0x00000078   Code   RO         3413    i.UART_WaitOnFlagUntilTimeout  stm32f4xx_hal_uart.o
    0x0800409c   0x0800409c   0x00000130   Code   RO         5428    i.UI_ReFresh        referee_ui.o
    0x080041cc   0x080041cc   0x00000014   Code   RO         5429    i.UI_SendByte       referee_ui.o
    0x080041e0   0x080041e0   0x00000054   Code   RO          780    i.USART1_IRQHandler  stm32f4xx_it.o
    0x08004234   0x08004234   0x000000b4   Code   RO          781    i.USART2_IRQHandler  stm32f4xx_it.o
    0x080042e8   0x080042e8   0x0000000c   Code   RO          782    i.USART6_IRQHandler  stm32f4xx_it.o
    0x080042f4   0x080042f4   0x00000064   Code   RO         5082    i.USART_Init        drv_usart.o
    0x08004358   0x08004358   0x00000002   Code   RO          783    i.UsageFault_Handler  stm32f4xx_it.o
    0x0800435a   0x0800435a   0x0000000c   Code   RO          395    i.VISION_TASK       freertos.o
    0x08004366   0x08004366   0x00000002   PAD
    0x08004368   0x08004368   0x0000003c   Code   RO         5775    i.Verify_CRC16_Check_Sum  crc.o
    0x080043a4   0x080043a4   0x00000026   Code   RO         5776    i.Verify_CRC8_Check_Sum  crc.o
    0x080043ca   0x080043ca   0x00000028   Code   RO         5146    i.YAW_MotorAngle_Proc  chassis_task.o
    0x080043f2   0x080043f2   0x00000030   Code   RO         6190    i.__ARM_fpclassify  m_wm.l(fpclassify.o)
    0x08004422   0x08004422   0x00000020   Code   RO         1977    i.__NVIC_SetPriority  stm32f4xx_hal_cortex.o
    0x08004442   0x08004442   0x00000006   PAD
    0x08004448   0x08004448   0x000000c8   Code   RO         6086    i.__hardfp_cos      m_wm.l(cos.o)
    0x08004510   0x08004510   0x000000c8   Code   RO         6098    i.__hardfp_sin      m_wm.l(sin.o)
    0x080045d8   0x080045d8   0x00000438   Code   RO         6143    i.__ieee754_rem_pio2  m_wm.l(rred.o)
    0x08004a10   0x08004a10   0x00000170   Code   RO         6126    i.__kernel_cos      m_wm.l(cos_i.o)
    0x08004b80   0x08004b80   0x000000f8   Code   RO         6192    i.__kernel_poly     m_wm.l(poly.o)
    0x08004c78   0x08004c78   0x00000130   Code   RO         6148    i.__kernel_sin      m_wm.l(sin_i.o)
    0x08004da8   0x08004da8   0x00000014   Code   RO         6130    i.__mathlib_dbl_infnan  m_wm.l(dunder.o)
    0x08004dbc   0x08004dbc   0x00000004   PAD
    0x08004dc0   0x08004dc0   0x00000020   Code   RO         6132    i.__mathlib_dbl_invalid  m_wm.l(dunder.o)
    0x08004de0   0x08004de0   0x00000020   Code   RO         6135    i.__mathlib_dbl_underflow  m_wm.l(dunder.o)
    0x08004e00   0x08004e00   0x00000018   Code   RO         5668    i.capacitance_date  can_receive.o
    0x08004e18   0x08004e18   0x00000140   Code   RO         5147    i.chassis_ctrl      chassis_task.o
    0x08004f58   0x08004f58   0x000000bc   Code   RO         5148    i.chassis_pid_init  chassis_task.o
    0x08005014   0x08005014   0x0000005c   Code   RO         5149    i.chassis_rc_dbus   chassis_task.o
    0x08005070   0x08005070   0x000000ec   Code   RO         5150    i.chassis_rc_pc     chassis_task.o
    0x0800515c   0x0800515c   0x0000008c   Code   RO         5151    i.chassis_to_common  chassis_task.o
    0x080051e8   0x080051e8   0x000001e4   Code   RO         5152    i.chassis_to_gyro   chassis_task.o
    0x080053cc   0x080053cc   0x0000010c   Code   RO         5153    i.chassis_yaw       chassis_task.o
    0x080054d8   0x080054d8   0x0000002e   Code   RO         5943    i.crc16_update      packet.o
    0x08005506   0x08005506   0x00000018   Code   RO         6186    i.fabs              m_wm.l(fabs.o)
    0x0800551e   0x0800551e   0x00000002   PAD
    0x08005520   0x08005520   0x00000010   Code   RO         5868    i.get_eular         imu_data_decode.o
    0x08005530   0x08005530   0x0000001c   Code   RO         5669    i.get_motor_measure  can_receive.o
    0x0800554c   0x0800554c   0x00000014   Code   RO         5870    i.get_quat          imu_data_decode.o
    0x08005560   0x08005560   0x00000014   Code   RO         5871    i.get_raw_acc       imu_data_decode.o
    0x08005574   0x08005574   0x00000014   Code   RO         5872    i.get_raw_gyo       imu_data_decode.o
    0x08005588   0x08005588   0x00000014   Code   RO         5873    i.get_raw_mag       imu_data_decode.o
    0x0800559c   0x0800559c   0x000000ac   Code   RO         5239    i.gimbal_ctrl       gimbal_task.o
    0x08005648   0x08005648   0x0000008c   Code   RO         5240    i.gimbal_pid_init   gimbal_task.o
    0x080056d4   0x080056d4   0x00000048   Code   RO         5241    i.gimbal_rc_dbus    gimbal_task.o
    0x0800571c   0x0800571c   0x00000048   Code   RO         5242    i.gimbal_rc_pc      gimbal_task.o
    0x08005764   0x08005764   0x0000003c   Code   RO         5874    i.imu_ctrl          imu_data_decode.o
    0x080057a0   0x080057a0   0x00000018   Code   RO         5875    i.imu_data_decode_init  imu_data_decode.o
    0x080057b8   0x080057b8   0x00000054   Code   RO            7    i.main              main.o
    0x0800580c   0x0800580c   0x0000000c   Code   RO         4539    i.makeFreeRtosPriority  cmsis_os.o
    0x08005818   0x08005818   0x0000000e   Code   RO         4541    i.osDelay           cmsis_os.o
    0x08005826   0x08005826   0x0000000a   Code   RO         4544    i.osKernelStart     cmsis_os.o
    0x08005830   0x08005830   0x00000054   Code   RO         4578    i.osThreadCreate    cmsis_os.o
    0x08005884   0x08005884   0x00000028   Code   RO         5243    i.pitch_limit       gimbal_task.o
    0x080058ac   0x080058ac   0x00000070   Code   RO         4215    i.prvAddCurrentTaskToDelayedList  tasks.o
    0x0800591c   0x0800591c   0x000000d0   Code   RO         4216    i.prvAddNewTaskToReadyList  tasks.o
    0x080059ec   0x080059ec   0x00000034   Code   RO         4217    i.prvDeleteTCB      tasks.o
    0x08005a20   0x08005a20   0x0000004c   Code   RO         4906    i.prvHeapInit       heap_4.o
    0x08005a6c   0x08005a6c   0x00000060   Code   RO         4218    i.prvIdleTask       tasks.o
    0x08005acc   0x08005acc   0x00000098   Code   RO         4219    i.prvInitialiseNewTask  tasks.o
    0x08005b64   0x08005b64   0x0000004c   Code   RO         4907    i.prvInsertBlockIntoFreeList  heap_4.o
    0x08005bb0   0x08005bb0   0x00000020   Code   RO         4220    i.prvResetNextTaskUnblockTime  tasks.o
    0x08005bd0   0x08005bd0   0x00000028   Code   RO         4975    i.prvTaskExitError  port.o
    0x08005bf8   0x08005bf8   0x000000dc   Code   RO         4908    i.pvPortMalloc      heap_4.o
    0x08005cd4   0x08005cd4   0x0000002c   Code   RO         4976    i.pxPortInitialiseStack  port.o
    0x08005d00   0x08005d00   0x000000ee   Code   RO         5597    i.sbus_to_rc        remote_receive.o
    0x08005dee   0x08005dee   0x00000002   PAD
    0x08005df0   0x08005df0   0x0000005c   Code   RO         5316    i.shoot_ctrl        shoot_task.o
    0x08005e4c   0x08005e4c   0x00000084   Code   RO         5317    i.shoot_init        shoot_task.o
    0x08005ed0   0x08005ed0   0x00000030   Code   RO         5318    i.shoot_long        shoot_task.o
    0x08005f00   0x08005f00   0x00000044   Code   RO         5319    i.shoot_one         shoot_task.o
    0x08005f44   0x08005f44   0x00000084   Code   RO         5320    i.shoot_pid_init    shoot_task.o
    0x08005fc8   0x08005fc8   0x00000064   Code   RO         5321    i.shoot_rc_pc       shoot_task.o
    0x0800602c   0x0800602c   0x00000026   Code   RO         3851    i.uxListRemove      list.o
    0x08006052   0x08006052   0x00000002   PAD
    0x08006054   0x08006054   0x00000014   Code   RO          396    i.vApplicationGetIdleTaskMemory  freertos.o
    0x08006068   0x08006068   0x00000016   Code   RO         3852    i.vListInitialise   list.o
    0x0800607e   0x0800607e   0x00000006   Code   RO         3853    i.vListInitialiseItem  list.o
    0x08006084   0x08006084   0x00000030   Code   RO         3854    i.vListInsert       list.o
    0x080060b4   0x080060b4   0x00000018   Code   RO         3855    i.vListInsertEnd    list.o
    0x080060cc   0x080060cc   0x00000040   Code   RO         4978    i.vPortEnterCritical  port.o
    0x0800610c   0x0800610c   0x00000028   Code   RO         4979    i.vPortExitCritical  port.o
    0x08006134   0x08006134   0x00000064   Code   RO         4909    i.vPortFree         heap_4.o
    0x08006198   0x08006198   0x00000024   Code   RO         4980    i.vPortSetupTimerInterrupt  port.o
    0x080061bc   0x080061bc   0x0000004c   Code   RO         4229    i.vTaskDelay        tasks.o
    0x08006208   0x08006208   0x0000006c   Code   RO         4243    i.vTaskStartScheduler  tasks.o
    0x08006274   0x08006274   0x000000bc   Code   RO         4244    i.vTaskSuspend      tasks.o
    0x08006330   0x08006330   0x00000010   Code   RO         4245    i.vTaskSuspendAll   tasks.o
    0x08006340   0x08006340   0x0000005c   Code   RO         4246    i.vTaskSwitchContext  tasks.o
    0x0800639c   0x0800639c   0x0000007c   Code   RO         5545    i.visual_date       visual_receive_task.o
    0x08006418   0x08006418   0x00000058   Code   RO         5547    i.visual_send_date  visual_receive_task.o
    0x08006470   0x08006470   0x000000f4   Code   RO         4982    i.xPortStartScheduler  port.o
    0x08006564   0x08006564   0x0000005a   Code   RO         4249    i.xTaskCreate       tasks.o
    0x080065be   0x080065be   0x00000056   Code   RO         4250    i.xTaskCreateStatic  tasks.o
    0x08006614   0x08006614   0x000000cc   Code   RO         4257    i.xTaskIncrementTick  tasks.o
    0x080066e0   0x080066e0   0x000000c4   Code   RO         4263    i.xTaskResumeAll    tasks.o
    0x080067a4   0x080067a4   0x00000038   Code   RO         5154    i.xy_speed          chassis_task.o
    0x080067dc   0x080067dc   0x0000004c   Code   RO         5245    i.yaw_limit         gimbal_task.o
    0x08006828   0x08006828   0x00000090   Code   RO         5246    i.yaw_pitch_gimbal  gimbal_task.o
    0x080068b8   0x080068b8   0x00000018   Code   RO         6066    x$fpl$basic         fz_wm.l(basic.o)
    0x080068d0   0x080068d0   0x00000062   Code   RO         6068    x$fpl$d2f           fz_wm.l(d2f.o)
    0x08006932   0x08006932   0x00000002   PAD
    0x08006934   0x08006934   0x00000150   Code   RO         6070    x$fpl$dadd          fz_wm.l(daddsub_clz.o)
    0x08006a84   0x08006a84   0x000002b0   Code   RO         6177    x$fpl$ddiv          fz_wm.l(ddiv.o)
    0x08006d34   0x08006d34   0x0000005e   Code   RO         6180    x$fpl$dfix          fz_wm.l(dfix.o)
    0x08006d92   0x08006d92   0x0000002e   Code   RO         6077    x$fpl$dflt          fz_wm.l(dflt_clz.o)
    0x08006dc0   0x08006dc0   0x00000026   Code   RO         6076    x$fpl$dfltu         fz_wm.l(dflt_clz.o)
    0x08006de6   0x08006de6   0x00000002   PAD
    0x08006de8   0x08006de8   0x00000154   Code   RO         6082    x$fpl$dmul          fz_wm.l(dmul.o)
    0x08006f3c   0x08006f3c   0x0000009c   Code   RO         6117    x$fpl$dnaninf       fz_wm.l(dnaninf.o)
    0x08006fd8   0x08006fd8   0x0000000c   Code   RO         6119    x$fpl$dretinf       fz_wm.l(dretinf.o)
    0x08006fe4   0x08006fe4   0x00000016   Code   RO         6071    x$fpl$drsb          fz_wm.l(daddsub_clz.o)
    0x08006ffa   0x08006ffa   0x00000002   PAD
    0x08006ffc   0x08006ffc   0x000001d4   Code   RO         6072    x$fpl$dsub          fz_wm.l(daddsub_clz.o)
    0x080071d0   0x080071d0   0x00000056   Code   RO         6084    x$fpl$f2d           fz_wm.l(f2d.o)
    0x08007226   0x08007226   0x0000008c   Code   RO         6121    x$fpl$fnaninf       fz_wm.l(fnaninf.o)
    0x080072b2   0x080072b2   0x0000000a   Code   RO         6279    x$fpl$fpinit        fz_wm.l(fpinit.o)
    0x080072bc   0x080072bc   0x0000000a   Code   RO         6123    x$fpl$fretinf       fz_wm.l(fretinf.o)
    0x080072c6   0x080072c6   0x00000000   Code   RO         6125    x$fpl$usenofp       fz_wm.l(usenofp.o)
    0x080072c6   0x080072c6   0x00000002   PAD
    0x080072c8   0x080072c8   0x000000c4   Data   RO          398    .constdata          freertos.o
    0x0800738c   0x0800738c   0x00000008   Data   RO         1694    .constdata          stm32f4xx_hal_dma.o
    0x08007394   0x08007394   0x00000010   Data   RO         3714    .constdata          system_stm32f4xx.o
    0x080073a4   0x080073a4   0x00000008   Data   RO         3715    .constdata          system_stm32f4xx.o
    0x080073ac   0x080073ac   0x00000300   Data   RO         5778    .constdata          crc.o
    0x080076ac   0x080076ac   0x00000004   PAD
    0x080076b0   0x080076b0   0x00000030   Data   RO         6127    .constdata          m_wm.l(cos_i.o)
    0x080076e0   0x080076e0   0x000000c8   Data   RO         6145    .constdata          m_wm.l(rred.o)
    0x080077a8   0x080077a8   0x00000028   Data   RO         6149    .constdata          m_wm.l(sin_i.o)
    0x080077d0   0x080077d0   0x00000040   Data   RO          399    .conststring        freertos.o
    0x08007810   0x08007810   0x00000020   Data   RO         6337    Region$$Table       anon$$obj.o


    Execution Region RW_IRAM1 (Exec base: 0x20000000, Load base: 0x08007830, Size: 0x000054b0, Max: 0x0001c000, ABSOLUTE, COMPRESSED[0x0000002c])

    Exec Addr    Load Addr    Size         Type   Attr      Idx    E Section Name        Object

    0x20000000   COMPRESSED   0x0000001c   Data   RW          400    .data               freertos.o
    0x2000001c   COMPRESSED   0x00000004   Data   RW          556    .data               can.o
    0x20000020   COMPRESSED   0x00000004   Data   RW          784    .data               stm32f4xx_it.o
    0x20000024   COMPRESSED   0x0000000c   Data   RW         2121    .data               stm32f4xx_hal.o
    0x20000030   COMPRESSED   0x00000004   Data   RW         3716    .data               system_stm32f4xx.o
    0x20000034   COMPRESSED   0x0000003c   Data   RW         4266    .data               tasks.o
    0x20000070   COMPRESSED   0x00000020   Data   RW         4915    .data               heap_4.o
    0x20000090   COMPRESSED   0x0000000c   Data   RW         4983    .data               port.o
    0x2000009c   COMPRESSED   0x00000014   Data   RW         5156    .data               chassis_task.o
    0x200000b0   COMPRESSED   0x00000008   Data   RW         5247    .data               gimbal_task.o
    0x200000b8   COMPRESSED   0x0000000c   Data   RW         5323    .data               shoot_task.o
    0x200000c4   COMPRESSED   0x00000001   Data   RW         5385    .data               referee.o
    0x200000c5   COMPRESSED   0x0000000a   Data   RW         5438    .data               referee_ui.o
    0x200000cf   COMPRESSED   0x00000001   PAD
    0x200000d0   COMPRESSED   0x00000004   Data   RW         5549    .data               visual_receive_task.o
    0x200000d4   COMPRESSED   0x00000006   Data   RW         5550    .data               visual_receive_task.o
    0x200000da   COMPRESSED   0x00000028   Data   RW         5671    .data               can_receive.o
    0x20000102   COMPRESSED   0x00000002   Data   RW         5779    .data               crc.o
    0x20000104   COMPRESSED   0x00000026   Data   RW         5877    .data               imu_data_decode.o
    0x2000012a   COMPRESSED   0x00000002   PAD
    0x2000012c   COMPRESSED   0x00000014   Data   RW         5944    .data               packet.o
    0x20000140        -       0x00000254   Zero   RW          397    .bss                freertos.o
    0x20000394        -       0x00000050   Zero   RW          555    .bss                can.o
    0x200003e4        -       0x00000048   Zero   RW          660    .bss                tim.o
    0x2000042c        -       0x000002d4   Zero   RW          706    .bss                usart.o
    0x20000700        -       0x00000048   Zero   RW          943    .bss                stm32f4xx_hal_timebase_tim.o
    0x20000748        -       0x000000f0   Zero   RW         4265    .bss                tasks.o
    0x20000838        -       0x00003c00   Zero   RW         4914    .bss                heap_4.o
    0x20004438        -       0x00000048   Zero   RW         5083    .bss                drv_usart.o
    0x20004480        -       0x00000014   Zero   RW         5155    .bss                chassis_task.o
    0x20004494        -       0x00000038   Zero   RW         5322    .bss                shoot_task.o
    0x200044cc        -       0x000000c8   Zero   RW         5383    .bss                referee.o
    0x20004594        -       0x00000080   Zero   RW         5384    .bss                referee.o
    0x20004614        -       0x000000c3   Zero   RW         5430    .bss                referee_ui.o
    0x200046d7   COMPRESSED   0x00000001   PAD
    0x200046d8        -       0x00000030   Zero   RW         5548    .bss                visual_receive_task.o
    0x20004708        -       0x00000014   Zero   RW         5598    .bss                remote_receive.o
    0x2000471c        -       0x000000d8   Zero   RW         5670    .bss                can_receive.o
    0x200047f4        -       0x00000220   Zero   RW         5834    .bss                pid.o
    0x20004a14        -       0x00000154   Zero   RW         5835    .bss                pid.o
    0x20004b68        -       0x00000220   Zero   RW         5836    .bss                pid.o
    0x20004d88        -       0x000000c4   Zero   RW         5876    .bss                imu_data_decode.o
    0x20004e4c        -       0x00000060   Zero   RW         6195    .bss                c_w.l(libspace.o)
    0x20004eac   COMPRESSED   0x00000004   PAD
    0x20004eb0        -       0x00000200   Zero   RW          977    HEAP                startup_stm32f405xx.o
    0x200050b0        -       0x00000400   Zero   RW          976    STACK               startup_stm32f405xx.o


    Execution Region RW_IRAM2 (Exec base: 0x2001c000, Load base: 0x0800785c, Size: 0x00000000, Max: 0x00004000, ABSOLUTE)

    **** No section assigned to this execution region ****


==============================================================================

Image component sizes


      Code (inc. data)   RO Data    RW Data    ZI Data      Debug   Object Name

       400         44          0          4         80       2594   can.o
       588         94          0         40        216       7178   can_receive.o
      1824        158          0         20         20       8614   chassis_task.o
       120          0          0          0          0      23517   cmsis_os.o
       170         16        768          2          0       3803   crc.o
       108          4          0          0          0        878   dma.o
        18          0          0          0          0        506   driver.o
        88          8          0          0          0        583   drv_can.o
       196         36          0          0         72       1905   drv_usart.o
         0          0          0          0          0      17028   event_groups.o
       284         20        260         28        596      38331   freertos.o
       716         94          0          8          0       5517   gimbal_task.o
        92          6          0          0          0     650331   gpio.o
       472         24          0         32      15360       7583   heap_4.o
       492         58          0         38        196       6511   imu_data_decode.o
       138          0          0          0          0       3690   list.o
       284         16          0          0          0     652824   main.o
       306         18          0         20          0       3028   packet.o
       264          6          0          0       1428       2693   pid.o
       702         72          0         12          0      11216   port.o
       412         18          0          1        328       8480   referee.o
      1596         58          0         10        195      12503   referee_ui.o
       238          0          0          0         20       3644   remote_receive.o
       768        112          0         12         56       5568   shoot_task.o
        64         26        392          0       1536        832   startup_stm32f405xx.o
       116         18          0         12          0       8870   stm32f4xx_hal.o
      1658          6          0          0          0      14687   stm32f4xx_hal_can.o
       158         14          0          0          0      33282   stm32f4xx_hal_cortex.o
      1084         16          8          0          0       7538   stm32f4xx_hal_dma.o
       496         46          0          0          0       1572   stm32f4xx_hal_gpio.o
        56          4          0          0          0        910   stm32f4xx_hal_msp.o
      1412         86          0          0          0       6041   stm32f4xx_hal_rcc.o
      1110         72          0          0          0      10453   stm32f4xx_hal_tim.o
       148         28          0          0          0       2537   stm32f4xx_hal_tim_ex.o
       152         20          0          0         72       1544   stm32f4xx_hal_timebase_tim.o
      2468         30          0          0          0      18569   stm32f4xx_hal_uart.o
       528        104          0          4          0      11424   stm32f4xx_it.o
         0          0          0          0          0        432   stream_buffer.o
        16          4         24          4          0       1187   system_stm32f4xx.o
      1708        126          0         60        240      20825   tasks.o
       156         10          0          0         72       1782   tim.o
      1028         98          0          0        724       5089   usart.o
       212         34          0         10         48       2574   visual_receive_task.o

    ----------------------------------------------------------------------
     22888       1604       1488        320      21260    1628673   Object Totals
         0          0         32          0          0          0   (incl. Generated)
        42          0          4          3          1          0   (incl. Padding)

    ----------------------------------------------------------------------

      Code (inc. data)   RO Data    RW Data    ZI Data      Debug   Library Member Name

        58          0          0          0          0          0   __dczerorl.o
         8          0          0          0          0         68   __main.o
         0          0          0          0          0          0   __rtentry.o
        12          0          0          0          0          0   __rtentry2.o
         6          0          0          0          0          0   __rtentry4.o
        52          8          0          0          0          0   __scatter.o
        28          0          0          0          0          0   __scatter_zi.o
        22          0          0          0          0        100   _rserrno.o
        18          0          0          0          0         80   exit.o
         6          0          0          0          0        152   heapauxi.o
         0          0          0          0          0          0   indicate_semi.o
         2          0          0          0          0          0   libinit.o
         6          0          0          0          0          0   libinit2.o
         2          0          0          0          0          0   libshutdown.o
         2          0          0          0          0          0   libshutdown2.o
         8          4          0          0         96         68   libspace.o
       238          0          0          0          0        100   lludivv7m.o
         8          4          0          0          0         68   rt_errno_addr_intlibspace.o
        68          0          0          0          0         68   rt_memclr.o
        78          0          0          0          0         80   rt_memclr_w.o
       138          0          0          0          0         68   rt_memcpy_v6.o
       100          0          0          0          0         80   rt_memcpy_w.o
         2          0          0          0          0          0   rtexit.o
        10          0          0          0          0          0   rtexit2.o
        12          4          0          0          0         68   sys_exit.o
        74          0          0          0          0         80   sys_stackheap_outer.o
         2          0          0          0          0         68   use_no_semi.o
        24          0          0          0          0        164   basic.o
        98          4          0          0          0        140   d2f.o
       826         16          0          0          0        492   daddsub_clz.o
       688        140          0          0          0        256   ddiv.o
        94          4          0          0          0        140   dfix.o
        84          0          0          0          0        232   dflt_clz.o
       340         12          0          0          0        152   dmul.o
       156          4          0          0          0        140   dnaninf.o
        12          0          0          0          0        116   dretinf.o
        86          4          0          0          0        132   f2d.o
       140          4          0          0          0        132   fnaninf.o
        10          0          0          0          0        116   fpinit.o
        10          0          0          0          0        116   fretinf.o
         0          0          0          0          0          0   usenofp.o
       200         20          0          0          0        164   cos.o
       368         46         48          0          0        200   cos_i.o
        84         16          0          0          0        372   dunder.o
        24          0          0          0          0        124   fabs.o
        48          0          0          0          0        124   fpclassify.o
       248          0          0          0          0        152   poly.o
      1080        142        200          0          0        188   rred.o
       200         20          0          0          0        164   sin.o
       304         24         40          0          0        208   sin_i.o

    ----------------------------------------------------------------------
      6104        476        288          0        100       5172   Library Totals
        20          0          0          0          4          0   (incl. Padding)

    ----------------------------------------------------------------------

      Code (inc. data)   RO Data    RW Data    ZI Data      Debug   Library Name

       960         20          0          0         96       1148   c_w.l
      2568        188          0          0          0       2328   fz_wm.l
      2556        268        288          0          0       1696   m_wm.l

    ----------------------------------------------------------------------
      6104        476        288          0        100       5172   Library Totals

    ----------------------------------------------------------------------

==============================================================================


      Code (inc. data)   RO Data    RW Data    ZI Data      Debug   

     28992       2080       1776        320      21360    1609325   Grand Totals
     28992       2080       1776         44      21360    1609325   ELF Image Totals (compressed)
     28992       2080       1776         44          0          0   ROM Totals

==============================================================================

    Total RO  Size (Code + RO Data)                30768 (  30.05kB)
    Total RW  Size (RW Data + ZI Data)             21680 (  21.17kB)
    Total ROM Size (Code + RO Data + RW Data)      30812 (  30.09kB)

==============================================================================

